Archive member included to satisfy reference by file (symbol)

/Applications/STM32CubeIDE.app/Contents/Eclipse/plugins/com.st.stm32cube.ide.mcu.externaltools.gnu-tools-for-stm32.10.3-2021.10.macos64_1.0.100.202210260954/tools/bin/../lib/gcc/arm-none-eabi/10.3.1/../../../../arm-none-eabi/lib/thumb/v7e-m+fp/hard/libc_nano.a(lib_a-errno.o)
                              ./Core/Src/syscalls.o (__errno)
/Applications/STM32CubeIDE.app/Contents/Eclipse/plugins/com.st.stm32cube.ide.mcu.externaltools.gnu-tools-for-stm32.10.3-2021.10.macos64_1.0.100.202210260954/tools/bin/../lib/gcc/arm-none-eabi/10.3.1/../../../../arm-none-eabi/lib/thumb/v7e-m+fp/hard/libc_nano.a(lib_a-exit.o)
                              /Applications/STM32CubeIDE.app/Contents/Eclipse/plugins/com.st.stm32cube.ide.mcu.externaltools.gnu-tools-for-stm32.10.3-2021.10.macos64_1.0.100.202210260954/tools/bin/../lib/gcc/arm-none-eabi/10.3.1/../../../../arm-none-eabi/lib/thumb/v7e-m+fp/hard/crt0.o (exit)
/Applications/STM32CubeIDE.app/Contents/Eclipse/plugins/com.st.stm32cube.ide.mcu.externaltools.gnu-tools-for-stm32.10.3-2021.10.macos64_1.0.100.202210260954/tools/bin/../lib/gcc/arm-none-eabi/10.3.1/../../../../arm-none-eabi/lib/thumb/v7e-m+fp/hard/libc_nano.a(lib_a-findfp.o)
                              ./Middlewares/Third_Party/FreeRTOS/Source/tasks.o (__sf_fake_stderr)
/Applications/STM32CubeIDE.app/Contents/Eclipse/plugins/com.st.stm32cube.ide.mcu.externaltools.gnu-tools-for-stm32.10.3-2021.10.macos64_1.0.100.202210260954/tools/bin/../lib/gcc/arm-none-eabi/10.3.1/../../../../arm-none-eabi/lib/thumb/v7e-m+fp/hard/libc_nano.a(lib_a-fwalk.o)
                              /Applications/STM32CubeIDE.app/Contents/Eclipse/plugins/com.st.stm32cube.ide.mcu.externaltools.gnu-tools-for-stm32.10.3-2021.10.macos64_1.0.100.202210260954/tools/bin/../lib/gcc/arm-none-eabi/10.3.1/../../../../arm-none-eabi/lib/thumb/v7e-m+fp/hard/libc_nano.a(lib_a-findfp.o) (_fwalk)
/Applications/STM32CubeIDE.app/Contents/Eclipse/plugins/com.st.stm32cube.ide.mcu.externaltools.gnu-tools-for-stm32.10.3-2021.10.macos64_1.0.100.202210260954/tools/bin/../lib/gcc/arm-none-eabi/10.3.1/../../../../arm-none-eabi/lib/thumb/v7e-m+fp/hard/libc_nano.a(lib_a-impure.o)
                              /Applications/STM32CubeIDE.app/Contents/Eclipse/plugins/com.st.stm32cube.ide.mcu.externaltools.gnu-tools-for-stm32.10.3-2021.10.macos64_1.0.100.202210260954/tools/bin/../lib/gcc/arm-none-eabi/10.3.1/../../../../arm-none-eabi/lib/thumb/v7e-m+fp/hard/libc_nano.a(lib_a-exit.o) (_global_impure_ptr)
/Applications/STM32CubeIDE.app/Contents/Eclipse/plugins/com.st.stm32cube.ide.mcu.externaltools.gnu-tools-for-stm32.10.3-2021.10.macos64_1.0.100.202210260954/tools/bin/../lib/gcc/arm-none-eabi/10.3.1/../../../../arm-none-eabi/lib/thumb/v7e-m+fp/hard/libc_nano.a(lib_a-init.o)
                              /Applications/STM32CubeIDE.app/Contents/Eclipse/plugins/com.st.stm32cube.ide.mcu.externaltools.gnu-tools-for-stm32.10.3-2021.10.macos64_1.0.100.202210260954/tools/bin/../lib/gcc/arm-none-eabi/10.3.1/../../../../arm-none-eabi/lib/thumb/v7e-m+fp/hard/crt0.o (__libc_init_array)
/Applications/STM32CubeIDE.app/Contents/Eclipse/plugins/com.st.stm32cube.ide.mcu.externaltools.gnu-tools-for-stm32.10.3-2021.10.macos64_1.0.100.202210260954/tools/bin/../lib/gcc/arm-none-eabi/10.3.1/../../../../arm-none-eabi/lib/thumb/v7e-m+fp/hard/libc_nano.a(lib_a-lock.o)
                              /Applications/STM32CubeIDE.app/Contents/Eclipse/plugins/com.st.stm32cube.ide.mcu.externaltools.gnu-tools-for-stm32.10.3-2021.10.macos64_1.0.100.202210260954/tools/bin/../lib/gcc/arm-none-eabi/10.3.1/../../../../arm-none-eabi/lib/thumb/v7e-m+fp/hard/libc_nano.a(lib_a-findfp.o) (__retarget_lock_init_recursive)
/Applications/STM32CubeIDE.app/Contents/Eclipse/plugins/com.st.stm32cube.ide.mcu.externaltools.gnu-tools-for-stm32.10.3-2021.10.macos64_1.0.100.202210260954/tools/bin/../lib/gcc/arm-none-eabi/10.3.1/../../../../arm-none-eabi/lib/thumb/v7e-m+fp/hard/libc_nano.a(lib_a-memcpy-stub.o)
                              ./Core/Src/main.o (memcpy)
/Applications/STM32CubeIDE.app/Contents/Eclipse/plugins/com.st.stm32cube.ide.mcu.externaltools.gnu-tools-for-stm32.10.3-2021.10.macos64_1.0.100.202210260954/tools/bin/../lib/gcc/arm-none-eabi/10.3.1/../../../../arm-none-eabi/lib/thumb/v7e-m+fp/hard/libc_nano.a(lib_a-memset.o)
                              /Applications/STM32CubeIDE.app/Contents/Eclipse/plugins/com.st.stm32cube.ide.mcu.externaltools.gnu-tools-for-stm32.10.3-2021.10.macos64_1.0.100.202210260954/tools/bin/../lib/gcc/arm-none-eabi/10.3.1/../../../../arm-none-eabi/lib/thumb/v7e-m+fp/hard/crt0.o (memset)
/Applications/STM32CubeIDE.app/Contents/Eclipse/plugins/com.st.stm32cube.ide.mcu.externaltools.gnu-tools-for-stm32.10.3-2021.10.macos64_1.0.100.202210260954/tools/bin/../lib/gcc/arm-none-eabi/10.3.1/../../../../arm-none-eabi/lib/thumb/v7e-m+fp/hard/libc_nano.a(lib_a-nano-mallocr.o)
[...]
Memory Configuration

Name             Origin             Length             Attributes
RAM              0x0000000020000000 0x0000000000020000 xrw
FLASH            0x0000000008000000 0x0000000000080000 xr
*default*        0x0000000000000000 0xffffffffffffffff

Linker script and memory map

LOAD /Applications/STM32CubeIDE.app/Contents/Eclipse/plugins/com.st.stm32cube.ide.mcu.externaltools.gnu-tools-for-stm32.10.3-2021.10.macos64_1.0.100.202210260954/tools/bin/../lib/gcc/arm-none-eabi/10.3.1/thumb/v7e-m+fp/hard/crti.o
LOAD /Applications/STM32CubeIDE.app/Contents/Eclipse/plugins/com.st.stm32cube.ide.mcu.externaltools.gnu-tools-for-stm32.10.3-2021.10.macos64_1.0.100.202210260954/tools/bin/../lib/gcc/arm-none-eabi/10.3.1/thumb/v7e-m+fp/hard/crtbegin.o
LOAD /Applications/STM32CubeIDE.app/Contents/Eclipse/plugins/com.st.stm32cube.ide.mcu.externaltools.gnu-tools-for-stm32.10.3-2021.10.macos64_1.0.100.202210260954/tools/bin/../lib/gcc/arm-none-eabi/10.3.1/../../../../arm-none-eabi/lib/thumb/v7e-m+fp/hard/crt0.o
LOAD ./Core/Src/freertos.o
LOAD ./Core/Src/main.o
LOAD ./Core/Src/message.pb.o
LOAD ./Core/Src/stm32f4xx_hal_msp.o
LOAD ./Core/Src/stm32f4xx_hal_timebase_tim.o
LOAD ./Core/Src/stm32f4xx_it.o
LOAD ./Core/Src/syscalls.o
LOAD ./Core/Src/sysmem.o
LOAD ./Core/Src/system_stm32f4xx.o
LOAD ./Core/Startup/startup_stm32f446retx.o
LOAD ./Drivers/STM32F4xx_HAL_Driver/Src/stm32f4xx_hal.o
LOAD ./Drivers/STM32F4xx_HAL_Driver/Src/stm32f4xx_hal_adc.o
LOAD ./Drivers/STM32F4xx_HAL_Driver/Src/stm32f4xx_hal_adc_ex.o
LOAD ./Drivers/STM32F4xx_HAL_Driver/Src/stm32f4xx_hal_can.o
LOAD ./Drivers/STM32F4xx_HAL_Driver/Src/stm32f4xx_hal_cortex.o
LOAD ./Drivers/STM32F4xx_HAL_Driver/Src/stm32f4xx_hal_dma.o
LOAD ./Drivers/STM32F4xx_HAL_Driver/Src/stm32f4xx_hal_dma_ex.o
LOAD ./Drivers/STM32F4xx_HAL_Driver/Src/stm32f4xx_hal_exti.o
LOAD ./Drivers/STM32F4xx_HAL_Driver/Src/stm32f4xx_hal_flash.o
LOAD ./Drivers/STM32F4xx_HAL_Driver/Src/stm32f4xx_hal_flash_ex.o
LOAD ./Drivers/STM32F4xx_HAL_Driver/Src/stm32f4xx_hal_flash_ramfunc.o
LOAD ./Drivers/STM32F4xx_HAL_Driver/Src/stm32f4xx_hal_gpio.o
LOAD ./Drivers/STM32F4xx_HAL_Driver/Src/stm32f4xx_hal_pwr.o
LOAD ./Drivers/STM32F4xx_HAL_Driver/Src/stm32f4xx_hal_pwr_ex.o
LOAD ./Drivers/STM32F4xx_HAL_Driver/Src/stm32f4xx_hal_rcc.o
LOAD ./Drivers/STM32F4xx_HAL_Driver/Src/stm32f4xx_hal_rcc_ex.o
LOAD ./Drivers/STM32F4xx_HAL_Driver/Src/stm32f4xx_hal_tim.o
LOAD ./Drivers/STM32F4xx_HAL_Driver/Src/stm32f4xx_hal_tim_ex.o
LOAD ./Drivers/STM32F4xx_HAL_Driver/Src/stm32f4xx_hal_uart.o
LOAD ./Drivers/STM32F4xx_HAL_Driver/Src/stm32f4xx_ll_adc.o
LOAD ./Middlewares/Third_Party/FreeRTOS/Source/CMSIS_RTOS/cmsis_os.o
LOAD ./Middlewares/Third_Party/FreeRTOS/Source/croutine.o
LOAD ./Middlewares/Third_Party/FreeRTOS/Source/event_groups.o
LOAD ./Middlewares/Third_Party/FreeRTOS/Source/list.o
LOAD ./Middlewares/Third_Party/FreeRTOS/Source/queue.o
LOAD ./Middlewares/Third_Party/FreeRTOS/Source/stream_buffer.o
LOAD ./Middlewares/Third_Party/FreeRTOS/Source/tasks.o
LOAD ./Middlewares/Third_Party/FreeRTOS/Source/timers.o
LOAD ./Middlewares/Third_Party/FreeRTOS/Source/portable/GCC/ARM_CM4F/port.o
LOAD ./Middlewares/Third_Party/FreeRTOS/Source/portable/MemMang/heap_4.o
LOAD ./nanopb/pb_common.o
LOAD ./nanopb/pb_decode.o
LOAD ./nanopb/pb_encode.o
START GROUP
LOAD /Applications/STM32CubeIDE.app/Contents/Eclipse/plugins/com.st.stm32cube.ide.mcu.externaltools.gnu-tools-for-stm32.10.3-2021.10.macos64_1.0.100.202210260954/tools/bin/../lib/gcc/arm-none-eabi/10.3.1/../../../../arm-none-eabi/lib/thumb/v7e-m+fp/hard/libc_nano.a
LOAD /Applications/STM32CubeIDE.app/Contents/Eclipse/plugins/com.st.stm32cube.ide.mcu.externaltools.gnu-tools-for-stm32.10.3-2021.10.macos64_1.0.100.202210260954/tools/bin/../lib/gcc/arm-none-eabi/10.3.1/../../../../arm-none-eabi/lib/thumb/v7e-m+fp/hard/libm.a
END GROUP
START GROUP
LOAD /Applications/STM32CubeIDE.app/Contents/Eclipse/plugins/com.st.stm32cube.ide.mcu.externaltools.gnu-tools-for-stm32.10.3-2021.10.macos64_1.0.100.202210260954/tools/bin/../lib/gcc/arm-none-eabi/10.3.1/thumb/v7e-m+fp/hard/libgcc.a
LOAD /Applications/STM32CubeIDE.app/Contents/Eclipse/plugins/com.st.stm32cube.ide.mcu.externaltools.gnu-tools-for-stm32.10.3-2021.10.macos64_1.0.100.202210260954/tools/bin/../lib/gcc/arm-none-eabi/10.3.1/../../../../arm-none-eabi/lib/thumb/v7e-m+fp/hard/libc_nano.a
END GROUP
START GROUP
LOAD /Applications/STM32CubeIDE.app/Contents/Eclipse/plugins/com.st.stm32cube.ide.mcu.externaltools.gnu-tools-for-stm32.10.3-2021.10.macos64_1.0.100.202210260954/tools/bin/../lib/gcc/arm-none-eabi/10.3.1/thumb/v7e-m+fp/hard/libgcc.a
LOAD /Applications/STM32CubeIDE.app/Contents/Eclipse/plugins/com.st.stm32cube.ide.mcu.externaltools.gnu-tools-for-stm32.10.3-2021.10.macos64_1.0.100.202210260954/tools/bin/../lib/gcc/arm-none-eabi/10.3.1/../../../../arm-none-eabi/lib/thumb/v7e-m+fp/hard/libc_nano.a
LOAD /Applications/STM32CubeIDE.app/Contents/Eclipse/plugins/com.st.stm32cube.ide.mcu.externaltools.gnu-tools-for-stm32.10.3-2021.10.macos64_1.0.100.202210260954/tools/bin/../lib/gcc/arm-none-eabi/10.3.1/../../../../arm-none-eabi/lib/thumb/v7e-m+fp/hard/libnosys.a
END GROUP
START GROUP
LOAD /Applications/STM32CubeIDE.app/Contents/Eclipse/plugins/com.st.stm32cube.ide.mcu.externaltools.gnu-tools-for-stm32.10.3-2021.10.macos64_1.0.100.202210260954/tools/bin/../lib/gcc/arm-none-eabi/10.3.1/thumb/v7e-m+fp/hard/libgcc.a
LOAD /Applications/STM32CubeIDE.app/Contents/Eclipse/plugins/com.st.stm32cube.ide.mcu.externaltools.gnu-tools-for-stm32.10.3-2021.10.macos64_1.0.100.202210260954/tools/bin/../lib/gcc/arm-none-eabi/10.3.1/../../../../arm-none-eabi/lib/thumb/v7e-m+fp/hard/libc_nano.a
LOAD /Applications/STM32CubeIDE.app/Contents/Eclipse/plugins/com.st.stm32cube.ide.mcu.externaltools.gnu-tools-for-stm32.10.3-2021.10.macos64_1.0.100.202210260954/tools/bin/../lib/gcc/arm-none-eabi/10.3.1/../../../../arm-none-eabi/lib/thumb/v7e-m+fp/hard/libnosys.a
END GROUP
LOAD /Applications/STM32CubeIDE.app/Contents/Eclipse/plugins/com.st.stm32cube.ide.mcu.externaltools.gnu-tools-for-stm32.10.3-2021.10.macos64_1.0.100.202210260954/tools/bin/../lib/gcc/arm-none-eabi/10.3.1/thumb/v7e-m+fp/hard/crtend.o
LOAD /Applications/STM32CubeIDE.app/Contents/Eclipse/plugins/com.st.stm32cube.ide.mcu.externaltools.gnu-tools-for-stm32.10.3-2021.10.macos64_1.0.100.202210260954/tools/bin/../lib/gcc/arm-none-eabi/10.3.1/thumb/v7e-m+fp/hard/crtn.o
                0x0000000020020000                _estack = (ORIGIN (RAM) + LENGTH (RAM))
                0x0000000000000200                _Min_Heap_Size = 0x200
                0x0000000000000400                _Min_Stack_Size = 0x400

.isr_vector     0x0000000008000000      0x1c4
                0x0000000008000000                . = ALIGN (0x4)
 *(.isr_vector)
 .isr_vector    0x0000000008000000      0x1c4 ./Core/Startup/startup_stm32f446retx.o
                0x0000000008000000                g_pfnVectors
                0x00000000080001c4                . = ALIGN (0x4)

.text           0x00000000080001d0     0xc8b0
                0x00000000080001d0                . = ALIGN (0x4)
 *(.text)
 .text          0x00000000080001d0       0x40 /Applications/STM32CubeIDE.app/Contents/Eclipse/plugins/com.st.stm32cube.ide.mcu.externaltools.gnu-tools-for-stm32.10.3-2021.10.macos64_1.0.100.202210260954/tools/bin/../lib/gcc/arm-none-eabi/10.3.1/thumb/v7e-m+fp/hard/crtbegin.o
 .text          0x0000000008000210      0x378 /Applications/STM32CubeIDE.app/Contents/Eclipse/plugins/com.st.stm32cube.ide.mcu.externaltools.gnu-tools-for-stm32.10.3-2021.10.macos64_1.0.100.202210260954/tools/bin/../lib/gcc/arm-none-eabi/10.3.1/thumb/v7e-m+fp/hard/libgcc.a(_arm_addsubdf3.o)
                0x0000000008000210                __aeabi_drsub
                0x0000000008000218                __subdf3
                0x0000000008000218                __aeabi_dsub
                0x000000000800021c                __aeabi_dadd
                0x000000000800021c                __adddf3
                0x0000000008000494                __aeabi_ui2d
                0x0000000008000494                __floatunsidf
                0x00000000080004b4                __floatsidf
                0x00000000080004b4                __aeabi_i2d
                0x00000000080004d8                __extendsfdf2
                0x00000000080004d8                __aeabi_f2d
                0x000000000800051c                __aeabi_ul2d
                0x000000000800051c                __floatundidf
                0x000000000800052c                __aeabi_l2d
                0x000000000800052c                __floatdidf
 .text          0x0000000008000588      0x424 /Applications/STM32CubeIDE.app/Contents/Eclipse/plugins/com.st.stm32cube.ide.mcu.externaltools.gnu-tools-for-stm32.10.3-2021.10.macos64_1.0.100.202210260954/tools/bin/../lib/gcc/arm-none-eabi/10.3.1/thumb/v7e-m+fp/hard/libgcc.a(_arm_muldivdf3.o)
                0x0000000008000588                __aeabi_dmul
                0x0000000008000588                __muldf3
                0x00000000080007dc                __aeabi_ddiv
                0x00000000080007dc                __divdf3
 .text          0x00000000080009ac       0x40 /Applications/STM32CubeIDE.app/Contents/Eclipse/plugins/com.st.stm32cube.ide.mcu.externaltools.gnu-tools-for-stm32.10.3-2021.10.macos64_1.0.100.202210260954/tools/bin/../lib/gcc/arm-none-eabi/10.3.1/thumb/v7e-m+fp/hard/libgcc.a(_arm_fixunsdfsi.o)
                0x00000000080009ac                __fixunsdfsi
                0x00000000080009ac                __aeabi_d2uiz
 .text          0x00000000080009ec       0x30 /Applications/STM32CubeIDE.app/Contents/Eclipse/plugins/com.st.stm32cube.ide.mcu.externaltools.gnu-tools-for-stm32.10.3-2021.10.macos64_1.0.100.202210260954/tools/bin/../lib/gcc/arm-none-eabi/10.3.1/thumb/v7e-m+fp/hard/libgcc.a(_aeabi_uldivmod.o)
                0x00000000080009ec                __aeabi_uldivmod
 .text          0x0000000008000a1c      0x2d0 /Applications/STM32CubeIDE.app/Contents/Eclipse/plugins/com.st.stm32cube.ide.mcu.externaltools.gnu-tools-for-stm32.10.3-2021.10.macos64_1.0.100.202210260954/tools/bin/../lib/gcc/arm-none-eabi/10.3.1/thumb/v7e-m+fp/hard/libgcc.a(_udivmoddi4.o)
                0x0000000008000a1c                __udivmoddi4
 .text          0x0000000008000cec        0x4 /Applications/STM32CubeIDE.app/Contents/Eclipse/plugins/com.st.stm32cube.ide.mcu.externaltools.gnu-tools-for-stm32.10.3-2021.10.macos64_1.0.100.202210260954/tools/bin/../lib/gcc/arm-none-eabi/10.3.1/thumb/v7e-m+fp/hard/libgcc.a(_dvmd_tls.o)
                0x0000000008000cec                __aeabi_ldiv0
                0x0000000008000cec                __aeabi_idiv0
 *(.text*)
 .text.vApplicationGetIdleTaskMemory
                0x0000000008000cf0       0x34 ./Core/Src/freertos.o
                0x0000000008000cf0                vApplicationGetIdleTaskMemory
 *fill*         0x0000000008000d24        0x4 
 .text.HAL_TIM_IC_CaptureCallback
                0x0000000008000d28      0x140 ./Core/Src/main.o
                0x0000000008000d28                HAL_TIM_IC_CaptureCallback
 .text.HAL_CAN_RxFifo0MsgPendingCallback
                0x0000000008000e68       0xe4 ./Core/Src/main.o
                0x0000000008000e68                HAL_CAN_RxFifo0MsgPendingCallback
 .text.SendCANMessage
                0x0000000008000f4c       0xe0 ./Core/Src/main.o
                0x0000000008000f4c                SendCANMessage
 .text.main     0x000000000800102c      0x1ec ./Core/Src/main.o
                0x000000000800102c                main
 .text.SystemClock_Config
                0x0000000008001218       0xe4 ./Core/Src/main.o
                0x0000000008001218                SystemClock_Config
 .text.MX_ADC1_Init
                0x00000000080012fc       0xa4 ./Core/Src/main.o
 .text.MX_ADC2_Init
                0x00000000080013a0       0xa4 ./Core/Src/main.o
 .text.MX_CAN1_Init
                0x0000000008001444       0xa8 ./Core/Src/main.o
 .text.MX_TIM1_Init
                0x00000000080014ec       0xac ./Core/Src/main.o
 .text.MX_TIM3_Init
                0x0000000008001598       0xf0 ./Core/Src/main.o
 .text.MX_TIM4_Init
                0x0000000008001688       0xf0 ./Core/Src/main.o
 .text.MX_USART2_UART_Init
                0x0000000008001778       0x54 ./Core/Src/main.o
 .text.MX_DMA_Init
                0x00000000080017cc       0x50 ./Core/Src/main.o
 .text.MX_GPIO_Init
                0x000000000800181c      0x164 ./Core/Src/main.o
 .text.JoystickControlTask
                0x0000000008001980      0x150 ./Core/Src/main.o
                0x0000000008001980                JoystickControlTask
 .text.UltrasonicSensorTask
                0x0000000008001ad0       0x7c ./Core/Src/main.o
                0x0000000008001ad0                UltrasonicSensorTask
 .text.LaserControlTask
                0x0000000008001b4c       0x50 ./Core/Src/main.o
                0x0000000008001b4c                LaserControlTask
 .text.ScanningModeTask
                0x0000000008001b9c       0xbc ./Core/Src/main.o
                0x0000000008001b9c                ScanningModeTask
 .text.CANCommunicationTask
                0x0000000008001c58      0x104 ./Core/Src/main.o
                0x0000000008001c58                CANCommunicationTask
 .text.CANStatusCommTask
                0x0000000008001d5c      0x110 ./Core/Src/main.o
                0x0000000008001d5c                CANStatusCommTask
 .text.CommandProcessorTask
                0x0000000008001e6c      0x1ac ./Core/Src/main.o
                0x0000000008001e6c                CommandProcessorTask
 .text.HAL_TIM_PeriodElapsedCallback
                0x0000000008002018       0x1e ./Core/Src/main.o
                0x0000000008002018                HAL_TIM_PeriodElapsedCallback
 .text.Error_Handler
                0x0000000008002036        0xa ./Core/Src/main.o
                0x0000000008002036                Error_Handler
 .text.HAL_MspInit
                0x0000000008002040       0x58 ./Core/Src/stm32f4xx_hal_msp.o
                0x0000000008002040                HAL_MspInit
 .text.HAL_ADC_MspInit
                0x0000000008002098      0x1b4 ./Core/Src/stm32f4xx_hal_msp.o
                0x0000000008002098                HAL_ADC_MspInit
 .text.HAL_CAN_MspInit
                0x000000000800224c       0xa0 ./Core/Src/stm32f4xx_hal_msp.o
                0x000000000800224c                HAL_CAN_MspInit
 .text.HAL_TIM_IC_MspInit
                0x00000000080022ec       0xa0 ./Core/Src/stm32f4xx_hal_msp.o
                0x00000000080022ec                HAL_TIM_IC_MspInit
 .text.HAL_TIM_Base_MspInit
                0x000000000800238c       0x8c ./Core/Src/stm32f4xx_hal_msp.o
                0x000000000800238c                HAL_TIM_Base_MspInit
 .text.HAL_TIM_MspPostInit
                0x0000000008002418       0xc4 ./Core/Src/stm32f4xx_hal_msp.o
                0x0000000008002418                HAL_TIM_MspPostInit
 .text.HAL_UART_MspInit
                0x00000000080024dc       0x90 ./Core/Src/stm32f4xx_hal_msp.o
                0x00000000080024dc                HAL_UART_MspInit
 .text.HAL_InitTick
                0x000000000800256c       0xf8 ./Core/Src/stm32f4xx_hal_timebase_tim.o
                0x000000000800256c                HAL_InitTick
 .text.NMI_Handler
                0x0000000008002664        0x6 ./Core/Src/stm32f4xx_it.o
                0x0000000008002664                NMI_Handler
 .text.HardFault_Handler
                0x000000000800266a        0x6 ./Core/Src/stm32f4xx_it.o
                0x000000000800266a                HardFault_Handler
 .text.MemManage_Handler
                0x0000000008002670        0x6 ./Core/Src/stm32f4xx_it.o
                0x0000000008002670                MemManage_Handler
 .text.BusFault_Handler
                0x0000000008002676        0x6 ./Core/Src/stm32f4xx_it.o
                0x0000000008002676                BusFault_Handler
 .text.UsageFault_Handler
                0x000000000800267c        0x6 ./Core/Src/stm32f4xx_it.o
                0x000000000800267c                UsageFault_Handler
 .text.DebugMon_Handler
                0x0000000008002682        0xe ./Core/Src/stm32f4xx_it.o
                0x0000000008002682                DebugMon_Handler
 .text.CAN1_RX0_IRQHandler
                0x0000000008002690       0x14 ./Core/Src/stm32f4xx_it.o
                0x0000000008002690                CAN1_RX0_IRQHandler
 .text.TIM1_CC_IRQHandler
                0x00000000080026a4       0x14 ./Core/Src/stm32f4xx_it.o
                0x00000000080026a4                TIM1_CC_IRQHandler
 .text.TIM2_IRQHandler
                0x00000000080026b8       0x14 ./Core/Src/stm32f4xx_it.o
                0x00000000080026b8                TIM2_IRQHandler
 .text.TIM3_IRQHandler
                0x00000000080026cc       0x14 ./Core/Src/stm32f4xx_it.o
                0x00000000080026cc                TIM3_IRQHandler
 .text.TIM4_IRQHandler
                0x00000000080026e0       0x14 ./Core/Src/stm32f4xx_it.o
                0x00000000080026e0                TIM4_IRQHandler
 .text.DMA2_Stream0_IRQHandler
                0x00000000080026f4       0x14 ./Core/Src/stm32f4xx_it.o
                0x00000000080026f4                DMA2_Stream0_IRQHandler
 .text.DMA2_Stream2_IRQHandler
                0x0000000008002708       0x14 ./Core/Src/stm32f4xx_it.o
                0x0000000008002708                DMA2_Stream2_IRQHandler
 .text.SystemInit
                0x000000000800271c       0x24 ./Core/Src/system_stm32f4xx.o
                0x000000000800271c                SystemInit
 .text.Reset_Handler
                0x0000000008002740       0x50 ./Core/Startup/startup_stm32f446retx.o
                0x0000000008002740                Reset_Handler
 .text.Default_Handler
                0x0000000008002790        0x2 ./Core/Startup/startup_stm32f446retx.o
                0x0000000008002790                DMA1_Stream3_IRQHandler
                0x0000000008002790                EXTI2_IRQHandler
                0x0000000008002790                TIM8_CC_IRQHandler
                0x0000000008002790                FMPI2C1_EV_IRQHandler
                0x0000000008002790                SPI4_IRQHandler
                0x0000000008002790                DMA2_Stream5_IRQHandler
                0x0000000008002790                DMA1_Stream5_IRQHandler
                0x0000000008002790                PVD_IRQHandler
                0x0000000008002790                SDIO_IRQHandler
                0x0000000008002790                TAMP_STAMP_IRQHandler
                0x0000000008002790                CAN2_RX1_IRQHandler
                0x0000000008002790                EXTI3_IRQHandler
                0x0000000008002790                TIM8_TRG_COM_TIM14_IRQHandler
                0x0000000008002790                TIM1_UP_TIM10_IRQHandler
                0x0000000008002790                TIM8_UP_TIM13_IRQHandler
                0x0000000008002790                I2C3_ER_IRQHandler
                0x0000000008002790                EXTI0_IRQHandler
                0x0000000008002790                I2C2_EV_IRQHandler
                0x0000000008002790                DMA1_Stream2_IRQHandler
                0x0000000008002790                FPU_IRQHandler
                0x0000000008002790                OTG_HS_WKUP_IRQHandler
                0x0000000008002790                CAN2_SCE_IRQHandler
                0x0000000008002790                SPI1_IRQHandler
                0x0000000008002790                TIM6_DAC_IRQHandler
                0x0000000008002790                TIM1_BRK_TIM9_IRQHandler
                0x0000000008002790                DCMI_IRQHandler
                0x0000000008002790                CAN2_RX0_IRQHandler
                0x0000000008002790                DMA2_Stream3_IRQHandler
                0x0000000008002790                SAI2_IRQHandler
                0x0000000008002790                USART6_IRQHandler
                0x0000000008002790                USART3_IRQHandler
                0x0000000008002790                CAN1_RX1_IRQHandler
                0x0000000008002790                UART5_IRQHandler
                0x0000000008002790                QUADSPI_IRQHandler
                0x0000000008002790                I2C1_EV_IRQHandler
                0x0000000008002790                DMA1_Stream6_IRQHandler
                0x0000000008002790                DMA1_Stream1_IRQHandler
                0x0000000008002790                UART4_IRQHandler
                0x0000000008002790                RCC_IRQHandler
                0x0000000008002790                TIM8_BRK_TIM12_IRQHandler
                0x0000000008002790                Default_Handler
                0x0000000008002790                CEC_IRQHandler
                0x0000000008002790                EXTI15_10_IRQHandler
                0x0000000008002790                ADC_IRQHandler
                0x0000000008002790                DMA1_Stream7_IRQHandler
                0x0000000008002790                TIM7_IRQHandler
                0x0000000008002790                CAN2_TX_IRQHandler
                0x0000000008002790                TIM5_IRQHandler
                0x0000000008002790                DMA2_Stream7_IRQHandler
                0x0000000008002790                I2C3_EV_IRQHandler
                0x0000000008002790                EXTI9_5_IRQHandler
                0x0000000008002790                RTC_WKUP_IRQHandler
                0x0000000008002790                SPDIF_RX_IRQHandler
                0x0000000008002790                SPI2_IRQHandler
                0x0000000008002790                OTG_HS_EP1_IN_IRQHandler
                0x0000000008002790                DMA1_Stream0_IRQHandler
                0x0000000008002790                CAN1_TX_IRQHandler
                0x0000000008002790                FMPI2C1_ER_IRQHandler
                0x0000000008002790                EXTI4_IRQHandler
                0x0000000008002790                OTG_HS_EP1_OUT_IRQHandler
                0x0000000008002790                WWDG_IRQHandler
                0x0000000008002790                OTG_FS_WKUP_IRQHandler
                0x0000000008002790                TIM1_TRG_COM_TIM11_IRQHandler
                0x0000000008002790                OTG_HS_IRQHandler
                0x0000000008002790                EXTI1_IRQHandler
                0x0000000008002790                USART2_IRQHandler
                0x0000000008002790                I2C2_ER_IRQHandler
                0x0000000008002790                DMA2_Stream1_IRQHandler
                0x0000000008002790                CAN1_SCE_IRQHandler
                0x0000000008002790                FLASH_IRQHandler
                0x0000000008002790                DMA2_Stream4_IRQHandler
                0x0000000008002790                USART1_IRQHandler
                0x0000000008002790                OTG_FS_IRQHandler
                0x0000000008002790                SPI3_IRQHandler
                0x0000000008002790                DMA1_Stream4_IRQHandler
                0x0000000008002790                I2C1_ER_IRQHandler
                0x0000000008002790                FMC_IRQHandler
                0x0000000008002790                DMA2_Stream6_IRQHandler
                0x0000000008002790                SAI1_IRQHandler
                0x0000000008002790                RTC_Alarm_IRQHandler
 *fill*         0x0000000008002792        0x2 
 .text.HAL_Init
                0x0000000008002794       0x44 ./Drivers/STM32F4xx_HAL_Driver/Src/stm32f4xx_hal.o
                0x0000000008002794                HAL_Init
 .text.HAL_IncTick
                0x00000000080027d8       0x28 ./Drivers/STM32F4xx_HAL_Driver/Src/stm32f4xx_hal.o
                0x00000000080027d8                HAL_IncTick
 .text.HAL_GetTick
                0x0000000008002800       0x18 ./Drivers/STM32F4xx_HAL_Driver/Src/stm32f4xx_hal.o
                0x0000000008002800                HAL_GetTick
 .text.HAL_ADC_Init
                0x0000000008002818       0x86 ./Drivers/STM32F4xx_HAL_Driver/Src/stm32f4xx_hal_adc.o
                0x0000000008002818                HAL_ADC_Init
 *fill*         0x000000000800289e        0x2 
 .text.HAL_ADC_Start
                0x00000000080028a0      0x1a4 ./Drivers/STM32F4xx_HAL_Driver/Src/stm32f4xx_hal_adc.o
                0x00000000080028a0                HAL_ADC_Start
 .text.HAL_ADC_Stop
                0x0000000008002a44       0x66 ./Drivers/STM32F4xx_HAL_Driver/Src/stm32f4xx_hal_adc.o
                0x0000000008002a44                HAL_ADC_Stop
 .text.HAL_ADC_PollForConversion
                0x0000000008002aaa      0x116 ./Drivers/STM32F4xx_HAL_Driver/Src/stm32f4xx_hal_adc.o
                0x0000000008002aaa                HAL_ADC_PollForConversion
 .text.HAL_ADC_GetValue
                0x0000000008002bc0       0x1a ./Drivers/STM32F4xx_HAL_Driver/Src/stm32f4xx_hal_adc.o
                0x0000000008002bc0                HAL_ADC_GetValue
 *fill*         0x0000000008002bda        0x2 
 .text.HAL_ADC_ConfigChannel
                0x0000000008002bdc      0x264 ./Drivers/STM32F4xx_HAL_Driver/Src/stm32f4xx_hal_adc.o
                0x0000000008002bdc                HAL_ADC_ConfigChannel
 .text.ADC_Init
                0x0000000008002e40      0x1f8 ./Drivers/STM32F4xx_HAL_Driver/Src/stm32f4xx_hal_adc.o
 .text.HAL_CAN_Init
                0x0000000008003038      0x1f6 ./Drivers/STM32F4xx_HAL_Driver/Src/stm32f4xx_hal_can.o
                0x0000000008003038                HAL_CAN_Init
 *fill*         0x000000000800322e        0x2 
 .text.HAL_CAN_ConfigFilter
                0x0000000008003230      0x1c0 ./Drivers/STM32F4xx_HAL_Driver/Src/stm32f4xx_hal_can.o
                0x0000000008003230                HAL_CAN_ConfigFilter
 .text.HAL_CAN_Start
                0x00000000080033f0       0x88 ./Drivers/STM32F4xx_HAL_Driver/Src/stm32f4xx_hal_can.o
                0x00000000080033f0                HAL_CAN_Start
 .text.HAL_CAN_AddTxMessage
                0x0000000008003478      0x1b6 ./Drivers/STM32F4xx_HAL_Driver/Src/stm32f4xx_hal_can.o
                0x0000000008003478                HAL_CAN_AddTxMessage
 .text.HAL_CAN_GetRxMessage
                0x000000000800362e      0x224 ./Drivers/STM32F4xx_HAL_Driver/Src/stm32f4xx_hal_can.o
                0x000000000800362e                HAL_CAN_GetRxMessage
 .text.HAL_CAN_ActivateNotification
                0x0000000008003852       0x4c ./Drivers/STM32F4xx_HAL_Driver/Src/stm32f4xx_hal_can.o
                0x0000000008003852                HAL_CAN_ActivateNotification
 .text.HAL_CAN_IRQHandler
                0x000000000800389e      0x36e ./Drivers/STM32F4xx_HAL_Driver/Src/stm32f4xx_hal_can.o
                0x000000000800389e                HAL_CAN_IRQHandler
 .text.HAL_CAN_TxMailbox0CompleteCallback
                0x0000000008003c0c       0x14 ./Drivers/STM32F4xx_HAL_Driver/Src/stm32f4xx_hal_can.o
                0x0000000008003c0c                HAL_CAN_TxMailbox0CompleteCallback
 .text.HAL_CAN_TxMailbox1CompleteCallback
                0x0000000008003c20       0x14 ./Drivers/STM32F4xx_HAL_Driver/Src/stm32f4xx_hal_can.o
                0x0000000008003c20                HAL_CAN_TxMailbox1CompleteCallback
 .text.HAL_CAN_TxMailbox2CompleteCallback
                0x0000000008003c34       0x14 ./Drivers/STM32F4xx_HAL_Driver/Src/stm32f4xx_hal_can.o
                0x0000000008003c34                HAL_CAN_TxMailbox2CompleteCallback
 .text.HAL_CAN_TxMailbox0AbortCallback
                0x0000000008003c48       0x14 ./Drivers/STM32F4xx_HAL_Driver/Src/stm32f4xx_hal_can.o
                0x0000000008003c48                HAL_CAN_TxMailbox0AbortCallback
 .text.HAL_CAN_TxMailbox1AbortCallback
                0x0000000008003c5c       0x14 ./Drivers/STM32F4xx_HAL_Driver/Src/stm32f4xx_hal_can.o
                0x0000000008003c5c                HAL_CAN_TxMailbox1AbortCallback
 .text.HAL_CAN_TxMailbox2AbortCallback
                0x0000000008003c70       0x14 ./Drivers/STM32F4xx_HAL_Driver/Src/stm32f4xx_hal_can.o
                0x0000000008003c70                HAL_CAN_TxMailbox2AbortCallback
 .text.HAL_CAN_RxFifo0FullCallback
                0x0000000008003c84       0x14 ./Drivers/STM32F4xx_HAL_Driver/Src/stm32f4xx_hal_can.o
                0x0000000008003c84                HAL_CAN_RxFifo0FullCallback
 .text.HAL_CAN_RxFifo1MsgPendingCallback
                0x0000000008003c98       0x14 ./Drivers/STM32F4xx_HAL_Driver/Src/stm32f4xx_hal_can.o
                0x0000000008003c98                HAL_CAN_RxFifo1MsgPendingCallback
 .text.HAL_CAN_RxFifo1FullCallback
                0x0000000008003cac       0x14 ./Drivers/STM32F4xx_HAL_Driver/Src/stm32f4xx_hal_can.o
                0x0000000008003cac                HAL_CAN_RxFifo1FullCallback
 .text.HAL_CAN_SleepCallback
                0x0000000008003cc0       0x14 ./Drivers/STM32F4xx_HAL_Driver/Src/stm32f4xx_hal_can.o
                0x0000000008003cc0                HAL_CAN_SleepCallback
 .text.HAL_CAN_WakeUpFromRxMsgCallback
                0x0000000008003cd4       0x14 ./Drivers/STM32F4xx_HAL_Driver/Src/stm32f4xx_hal_can.o
                0x0000000008003cd4                HAL_CAN_WakeUpFromRxMsgCallback
 .text.HAL_CAN_ErrorCallback
                0x0000000008003ce8       0x14 ./Drivers/STM32F4xx_HAL_Driver/Src/stm32f4xx_hal_can.o
                0x0000000008003ce8                HAL_CAN_ErrorCallback
 .text.__NVIC_SetPriorityGrouping
                0x0000000008003cfc       0x48 ./Drivers/STM32F4xx_HAL_Driver/Src/stm32f4xx_hal_cortex.o
 .text.__NVIC_GetPriorityGrouping
                0x0000000008003d44       0x1c ./Drivers/STM32F4xx_HAL_Driver/Src/stm32f4xx_hal_cortex.o
 .text.__NVIC_EnableIRQ
                0x0000000008003d60       0x3c ./Drivers/STM32F4xx_HAL_Driver/Src/stm32f4xx_hal_cortex.o
 .text.__NVIC_SetPriority
                0x0000000008003d9c       0x54 ./Drivers/STM32F4xx_HAL_Driver/Src/stm32f4xx_hal_cortex.o
 .text.NVIC_EncodePriority
                0x0000000008003df0       0x66 ./Drivers/STM32F4xx_HAL_Driver/Src/stm32f4xx_hal_cortex.o
 .text.HAL_NVIC_SetPriorityGrouping
                0x0000000008003e56       0x16 ./Drivers/STM32F4xx_HAL_Driver/Src/stm32f4xx_hal_cortex.o
                0x0000000008003e56                HAL_NVIC_SetPriorityGrouping
 .text.HAL_NVIC_SetPriority
                0x0000000008003e6c       0x38 ./Drivers/STM32F4xx_HAL_Driver/Src/stm32f4xx_hal_cortex.o
                0x0000000008003e6c                HAL_NVIC_SetPriority
 .text.HAL_NVIC_EnableIRQ
                0x0000000008003ea4       0x1c ./Drivers/STM32F4xx_HAL_Driver/Src/stm32f4xx_hal_cortex.o
                0x0000000008003ea4                HAL_NVIC_EnableIRQ
 .text.HAL_DMA_Init
                0x0000000008003ec0      0x15c ./Drivers/STM32F4xx_HAL_Driver/Src/stm32f4xx_hal_dma.o
                0x0000000008003ec0                HAL_DMA_Init
 .text.HAL_DMA_IRQHandler
                0x000000000800401c      0x314 ./Drivers/STM32F4xx_HAL_Driver/Src/stm32f4xx_hal_dma.o
                0x000000000800401c                HAL_DMA_IRQHandler
 .text.DMA_CalcBaseAndBitshift
                0x0000000008004330       0x6c ./Drivers/STM32F4xx_HAL_Driver/Src/stm32f4xx_hal_dma.o
 .text.DMA_CheckFifoParam
                0x000000000800439c       0xf8 ./Drivers/STM32F4xx_HAL_Driver/Src/stm32f4xx_hal_dma.o
 .text.HAL_GPIO_Init
                0x0000000008004494      0x328 ./Drivers/STM32F4xx_HAL_Driver/Src/stm32f4xx_hal_gpio.o
                0x0000000008004494                HAL_GPIO_Init
 .text.HAL_GPIO_ReadPin
                0x00000000080047bc       0x30 ./Drivers/STM32F4xx_HAL_Driver/Src/stm32f4xx_hal_gpio.o
                0x00000000080047bc                HAL_GPIO_ReadPin
 .text.HAL_GPIO_WritePin
                0x00000000080047ec       0x32 ./Drivers/STM32F4xx_HAL_Driver/Src/stm32f4xx_hal_gpio.o
                0x00000000080047ec                HAL_GPIO_WritePin
 *fill*         0x000000000800481e        0x2 
 .text.HAL_PWREx_EnableOverDrive
                0x0000000008004820       0xa0 ./Drivers/STM32F4xx_HAL_Driver/Src/stm32f4xx_hal_pwr_ex.o
                0x0000000008004820                HAL_PWREx_EnableOverDrive
 .text.HAL_RCC_ClockConfig
                0x00000000080048c0      0x1cc ./Drivers/STM32F4xx_HAL_Driver/Src/stm32f4xx_hal_rcc.o
                0x00000000080048c0                HAL_RCC_ClockConfig
 .text.HAL_RCC_GetHCLKFreq
                0x0000000008004a8c       0x18 ./Drivers/STM32F4xx_HAL_Driver/Src/stm32f4xx_hal_rcc.o
                0x0000000008004a8c                HAL_RCC_GetHCLKFreq
 .text.HAL_RCC_GetPCLK1Freq
                0x0000000008004aa4       0x28 ./Drivers/STM32F4xx_HAL_Driver/Src/stm32f4xx_hal_rcc.o
                0x0000000008004aa4                HAL_RCC_GetPCLK1Freq
 .text.HAL_RCC_GetPCLK2Freq
                0x0000000008004acc       0x28 ./Drivers/STM32F4xx_HAL_Driver/Src/stm32f4xx_hal_rcc.o
                0x0000000008004acc                HAL_RCC_GetPCLK2Freq
 .text.HAL_RCC_GetClockConfig
                0x0000000008004af4       0x64 ./Drivers/STM32F4xx_HAL_Driver/Src/stm32f4xx_hal_rcc.o
                0x0000000008004af4                HAL_RCC_GetClockConfig
 .text.HAL_RCC_GetSysClockFreq
                0x0000000008004b58      0x354 ./Drivers/STM32F4xx_HAL_Driver/Src/stm32f4xx_hal_rcc_ex.o
                0x0000000008004b58                HAL_RCC_GetSysClockFreq
 .text.HAL_RCC_OscConfig
                0x0000000008004eac      0x53c ./Drivers/STM32F4xx_HAL_Driver/Src/stm32f4xx_hal_rcc_ex.o
                0x0000000008004eac                HAL_RCC_OscConfig
 .text.HAL_TIM_Base_Init
                0x00000000080053e8       0x9e ./Drivers/STM32F4xx_HAL_Driver/Src/stm32f4xx_hal_tim.o
                0x00000000080053e8                HAL_TIM_Base_Init
 *fill*         0x0000000008005486        0x2 
 .text.HAL_TIM_Base_Start_IT
                0x0000000008005488       0xe0 ./Drivers/STM32F4xx_HAL_Driver/Src/stm32f4xx_hal_tim.o
                0x0000000008005488                HAL_TIM_Base_Start_IT
 .text.HAL_TIM_PWM_Init
                0x0000000008005568       0x9e ./Drivers/STM32F4xx_HAL_Driver/Src/stm32f4xx_hal_tim.o
                0x0000000008005568                HAL_TIM_PWM_Init
 .text.HAL_TIM_PWM_MspInit
                0x0000000008005606       0x14 ./Drivers/STM32F4xx_HAL_Driver/Src/stm32f4xx_hal_tim.o
                0x0000000008005606                HAL_TIM_PWM_MspInit
 *fill*         0x000000000800561a        0x2 
 .text.HAL_TIM_PWM_Start
                0x000000000800561c      0x190 ./Drivers/STM32F4xx_HAL_Driver/Src/stm32f4xx_hal_tim.o
                0x000000000800561c                HAL_TIM_PWM_Start
 .text.HAL_TIM_IC_Init
                0x00000000080057ac       0x9e ./Drivers/STM32F4xx_HAL_Driver/Src/stm32f4xx_hal_tim.o
                0x00000000080057ac                HAL_TIM_IC_Init
 *fill*         0x000000000800584a        0x2 
 .text.HAL_TIM_IC_Start_IT
                0x000000000800584c      0x250 ./Drivers/STM32F4xx_HAL_Driver/Src/stm32f4xx_hal_tim.o
                0x000000000800584c                HAL_TIM_IC_Start_IT
 .text.HAL_TIM_IRQHandler
                0x0000000008005a9c      0x210 ./Drivers/STM32F4xx_HAL_Driver/Src/stm32f4xx_hal_tim.o
                0x0000000008005a9c                HAL_TIM_IRQHandler
 .text.HAL_TIM_IC_ConfigChannel
                0x0000000008005cac      0x138 ./Drivers/STM32F4xx_HAL_Driver/Src/stm32f4xx_hal_tim.o
                0x0000000008005cac                HAL_TIM_IC_ConfigChannel
 .text.HAL_TIM_PWM_ConfigChannel
                0x0000000008005de4      0x184 ./Drivers/STM32F4xx_HAL_Driver/Src/stm32f4xx_hal_tim.o
                0x0000000008005de4                HAL_TIM_PWM_ConfigChannel
 .text.HAL_TIM_ConfigClockSource
                0x0000000008005f68      0x18e ./Drivers/STM32F4xx_HAL_Driver/Src/stm32f4xx_hal_tim.o
                0x0000000008005f68                HAL_TIM_ConfigClockSource
 *fill*         0x00000000080060f6        0x2 
 .text.HAL_TIM_ReadCapturedValue
                0x00000000080060f8       0x88 ./Drivers/STM32F4xx_HAL_Driver/Src/stm32f4xx_hal_tim.o
                0x00000000080060f8                HAL_TIM_ReadCapturedValue
 .text.HAL_TIM_OC_DelayElapsedCallback
                0x0000000008006180       0x14 ./Drivers/STM32F4xx_HAL_Driver/Src/stm32f4xx_hal_tim.o
                0x0000000008006180                HAL_TIM_OC_DelayElapsedCallback
 .text.HAL_TIM_PWM_PulseFinishedCallback
                0x0000000008006194       0x14 ./Drivers/STM32F4xx_HAL_Driver/Src/stm32f4xx_hal_tim.o
                0x0000000008006194                HAL_TIM_PWM_PulseFinishedCallback
 .text.HAL_TIM_TriggerCallback
                0x00000000080061a8       0x14 ./Drivers/STM32F4xx_HAL_Driver/Src/stm32f4xx_hal_tim.o
                0x00000000080061a8                HAL_TIM_TriggerCallback
 .text.TIM_Base_SetConfig
                0x00000000080061bc      0x140 ./Drivers/STM32F4xx_HAL_Driver/Src/stm32f4xx_hal_tim.o
                0x00000000080061bc                TIM_Base_SetConfig
 .text.TIM_OC1_SetConfig
                0x00000000080062fc       0xe0 ./Drivers/STM32F4xx_HAL_Driver/Src/stm32f4xx_hal_tim.o
 .text.TIM_OC2_SetConfig
                0x00000000080063dc       0xec ./Drivers/STM32F4xx_HAL_Driver/Src/stm32f4xx_hal_tim.o
                0x00000000080063dc                TIM_OC2_SetConfig
 .text.TIM_OC3_SetConfig
                0x00000000080064c8       0xe8 ./Drivers/STM32F4xx_HAL_Driver/Src/stm32f4xx_hal_tim.o
 .text.TIM_OC4_SetConfig
                0x00000000080065b0       0xac ./Drivers/STM32F4xx_HAL_Driver/Src/stm32f4xx_hal_tim.o
 .text.TIM_TI1_SetConfig
                0x000000000800665c       0xe8 ./Drivers/STM32F4xx_HAL_Driver/Src/stm32f4xx_hal_tim.o
                0x000000000800665c                TIM_TI1_SetConfig
 .text.TIM_TI1_ConfigInputStage
                0x0000000008006744       0x5e ./Drivers/STM32F4xx_HAL_Driver/Src/stm32f4xx_hal_tim.o
 .text.TIM_TI2_SetConfig
                0x00000000080067a2       0x7a ./Drivers/STM32F4xx_HAL_Driver/Src/stm32f4xx_hal_tim.o
 .text.TIM_TI2_ConfigInputStage
                0x000000000800681c       0x60 ./Drivers/STM32F4xx_HAL_Driver/Src/stm32f4xx_hal_tim.o
 .text.TIM_TI3_SetConfig
                0x000000000800687c       0x78 ./Drivers/STM32F4xx_HAL_Driver/Src/stm32f4xx_hal_tim.o
 .text.TIM_TI4_SetConfig
                0x00000000080068f4       0x7a ./Drivers/STM32F4xx_HAL_Driver/Src/stm32f4xx_hal_tim.o
 .text.TIM_ITRx_SetConfig
                0x000000000800696e       0x36 ./Drivers/STM32F4xx_HAL_Driver/Src/stm32f4xx_hal_tim.o
 .text.TIM_ETR_SetConfig
                0x00000000080069a4       0x40 ./Drivers/STM32F4xx_HAL_Driver/Src/stm32f4xx_hal_tim.o
                0x00000000080069a4                TIM_ETR_SetConfig
 .text.TIM_CCxChannelCmd
                0x00000000080069e4       0x4a ./Drivers/STM32F4xx_HAL_Driver/Src/stm32f4xx_hal_tim.o
                0x00000000080069e4                TIM_CCxChannelCmd
 *fill*         0x0000000008006a2e        0x2 
 .text.HAL_TIMEx_MasterConfigSynchronization
                0x0000000008006a30       0xf8 ./Drivers/STM32F4xx_HAL_Driver/Src/stm32f4xx_hal_tim_ex.o
                0x0000000008006a30                HAL_TIMEx_MasterConfigSynchronization
 .text.HAL_TIMEx_CommutCallback
                0x0000000008006b28       0x14 ./Drivers/STM32F4xx_HAL_Driver/Src/stm32f4xx_hal_tim_ex.o
                0x0000000008006b28                HAL_TIMEx_CommutCallback
 .text.HAL_TIMEx_BreakCallback
                0x0000000008006b3c       0x14 ./Drivers/STM32F4xx_HAL_Driver/Src/stm32f4xx_hal_tim_ex.o
                0x0000000008006b3c                HAL_TIMEx_BreakCallback
 .text.HAL_UART_Init
                0x0000000008006b50       0x9a ./Drivers/STM32F4xx_HAL_Driver/Src/stm32f4xx_hal_uart.o
                0x0000000008006b50                HAL_UART_Init
 *fill*         0x0000000008006bea        0x2 
 .text.UART_SetConfig
                0x0000000008006bec      0x4e8 ./Drivers/STM32F4xx_HAL_Driver/Src/stm32f4xx_hal_uart.o
 .text.makeFreeRtosPriority
                0x00000000080070d4       0x30 ./Middlewares/Third_Party/FreeRTOS/Source/CMSIS_RTOS/cmsis_os.o
 .text.osKernelStart
                0x0000000008007104        0xe ./Middlewares/Third_Party/FreeRTOS/Source/CMSIS_RTOS/cmsis_os.o
                0x0000000008007104                osKernelStart
 .text.osThreadCreate
                0x0000000008007112       0x98 ./Middlewares/Third_Party/FreeRTOS/Source/CMSIS_RTOS/cmsis_os.o
                0x0000000008007112                osThreadCreate
 .text.vListInitialise
                0x00000000080071aa       0x40 ./Middlewares/Third_Party/FreeRTOS/Source/list.o
                0x00000000080071aa                vListInitialise
 .text.vListInitialiseItem
                0x00000000080071ea       0x1a ./Middlewares/Third_Party/FreeRTOS/Source/list.o
                0x00000000080071ea                vListInitialiseItem
 .text.vListInsertEnd
                0x0000000008007204       0x48 ./Middlewares/Third_Party/FreeRTOS/Source/list.o
                0x0000000008007204                vListInsertEnd
 .text.vListInsert
                0x000000000800724c       0x72 ./Middlewares/Third_Party/FreeRTOS/Source/list.o
                0x000000000800724c                vListInsert
 .text.uxListRemove
                0x00000000080072be       0x54 ./Middlewares/Third_Party/FreeRTOS/Source/list.o
                0x00000000080072be                uxListRemove
 *fill*         0x0000000008007312        0x2 
 .text.xQueueGenericReset
                0x0000000008007314       0xd0 ./Middlewares/Third_Party/FreeRTOS/Source/queue.o
                0x0000000008007314                xQueueGenericReset
 .text.xQueueGenericCreate
                0x00000000080073e4       0x74 ./Middlewares/Third_Party/FreeRTOS/Source/queue.o
                0x00000000080073e4                xQueueGenericCreate
 .text.prvInitialiseNewQueue
                0x0000000008007458       0x3e ./Middlewares/Third_Party/FreeRTOS/Source/queue.o
 *fill*         0x0000000008007496        0x2 
 .text.xQueueGenericSend
                0x0000000008007498      0x1fc ./Middlewares/Third_Party/FreeRTOS/Source/queue.o
                0x0000000008007498                xQueueGenericSend
 .text.xQueueSemaphoreTake
                0x0000000008007694      0x218 ./Middlewares/Third_Party/FreeRTOS/Source/queue.o
                0x0000000008007694                xQueueSemaphoreTake
 .text.prvGetDisinheritPriorityAfterTimeout
                0x00000000080078ac       0x30 ./Middlewares/Third_Party/FreeRTOS/Source/queue.o
 .text.prvCopyDataToQueue
                0x00000000080078dc       0xd4 ./Middlewares/Third_Party/FreeRTOS/Source/queue.o
 .text.prvUnlockQueue
                0x00000000080079b0       0xa4 ./Middlewares/Third_Party/FreeRTOS/Source/queue.o
 .text.prvIsQueueEmpty
                0x0000000008007a54       0x2c ./Middlewares/Third_Party/FreeRTOS/Source/queue.o
 .text.prvIsQueueFull
                0x0000000008007a80       0x30 ./Middlewares/Third_Party/FreeRTOS/Source/queue.o
 .text.xTaskCreateStatic
                0x0000000008007ab0       0xba ./Middlewares/Third_Party/FreeRTOS/Source/tasks.o
                0x0000000008007ab0                xTaskCreateStatic
 .text.xTaskCreate
                0x0000000008007b6a       0x8a ./Middlewares/Third_Party/FreeRTOS/Source/tasks.o
                0x0000000008007b6a                xTaskCreate
 .text.prvInitialiseNewTask
                0x0000000008007bf4      0x13c ./Middlewares/Third_Party/FreeRTOS/Source/tasks.o
 .text.prvAddNewTaskToReadyList
                0x0000000008007d30       0xd4 ./Middlewares/Third_Party/FreeRTOS/Source/tasks.o
 .text.vTaskDelay
                0x0000000008007e04       0x68 ./Middlewares/Third_Party/FreeRTOS/Source/tasks.o
                0x0000000008007e04                vTaskDelay
 .text.vTaskStartScheduler
                0x0000000008007e6c       0xd4 ./Middlewares/Third_Party/FreeRTOS/Source/tasks.o
                0x0000000008007e6c                vTaskStartScheduler
 .text.vTaskSuspendAll
                0x0000000008007f40       0x1c ./Middlewares/Third_Party/FreeRTOS/Source/tasks.o
                0x0000000008007f40                vTaskSuspendAll
 .text.xTaskResumeAll
                0x0000000008007f5c      0x138 ./Middlewares/Third_Party/FreeRTOS/Source/tasks.o
                0x0000000008007f5c                xTaskResumeAll
 .text.xTaskIncrementTick
                0x0000000008008094      0x170 ./Middlewares/Third_Party/FreeRTOS/Source/tasks.o
                0x0000000008008094                xTaskIncrementTick
 .text.vTaskSwitchContext
                0x0000000008008204       0xc4 ./Middlewares/Third_Party/FreeRTOS/Source/tasks.o
                0x0000000008008204                vTaskSwitchContext
 .text.vTaskPlaceOnEventList
                0x00000000080082c8       0x48 ./Middlewares/Third_Party/FreeRTOS/Source/tasks.o
                0x00000000080082c8                vTaskPlaceOnEventList
 .text.xTaskRemoveFromEventList
                0x0000000008008310       0xc4 ./Middlewares/Third_Party/FreeRTOS/Source/tasks.o
                0x0000000008008310                xTaskRemoveFromEventList
 .text.vTaskInternalSetTimeOutState
                0x00000000080083d4       0x2c ./Middlewares/Third_Party/FreeRTOS/Source/tasks.o
                0x00000000080083d4                vTaskInternalSetTimeOutState
 .text.xTaskCheckForTimeOut
                0x0000000008008400       0xc4 ./Middlewares/Third_Party/FreeRTOS/Source/tasks.o
                0x0000000008008400                xTaskCheckForTimeOut
 .text.vTaskMissedYield
                0x00000000080084c4       0x18 ./Middlewares/Third_Party/FreeRTOS/Source/tasks.o
                0x00000000080084c4                vTaskMissedYield
 .text.prvIdleTask
                0x00000000080084dc       0x30 ./Middlewares/Third_Party/FreeRTOS/Source/tasks.o
 .text.prvInitialiseTaskLists
                0x000000000800850c       0x80 ./Middlewares/Third_Party/FreeRTOS/Source/tasks.o
 .text.prvCheckTasksWaitingTermination
                0x000000000800858c       0x5c ./Middlewares/Third_Party/FreeRTOS/Source/tasks.o
 .text.prvDeleteTCB
                0x00000000080085e8       0x68 ./Middlewares/Third_Party/FreeRTOS/Source/tasks.o
 .text.prvResetNextTaskUnblockTime
                0x0000000008008650       0x40 ./Middlewares/Third_Party/FreeRTOS/Source/tasks.o
 .text.xTaskGetSchedulerState
                0x0000000008008690       0x3c ./Middlewares/Third_Party/FreeRTOS/Source/tasks.o
                0x0000000008008690                xTaskGetSchedulerState
 .text.xTaskPriorityInherit
                0x00000000080086cc       0xec ./Middlewares/Third_Party/FreeRTOS/Source/tasks.o
                0x00000000080086cc                xTaskPriorityInherit
 .text.xTaskPriorityDisinherit
                0x00000000080087b8      0x10c ./Middlewares/Third_Party/FreeRTOS/Source/tasks.o
                0x00000000080087b8                xTaskPriorityDisinherit
 .text.vTaskPriorityDisinheritAfterTimeout
                0x00000000080088c4      0x11c ./Middlewares/Third_Party/FreeRTOS/Source/tasks.o
                0x00000000080088c4                vTaskPriorityDisinheritAfterTimeout
 .text.pvTaskIncrementMutexHeldCount
                0x00000000080089e0       0x28 ./Middlewares/Third_Party/FreeRTOS/Source/tasks.o
                0x00000000080089e0                pvTaskIncrementMutexHeldCount
 .text.xTaskNotifyWait
                0x0000000008008a08       0xc0 ./Middlewares/Third_Party/FreeRTOS/Source/tasks.o
                0x0000000008008a08                xTaskNotifyWait
 .text.xTaskGenericNotify
                0x0000000008008ac8      0x17c ./Middlewares/Third_Party/FreeRTOS/Source/tasks.o
                0x0000000008008ac8                xTaskGenericNotify
 .text.prvAddCurrentTaskToDelayedList
                0x0000000008008c44       0xcc ./Middlewares/Third_Party/FreeRTOS/Source/tasks.o
 .text.pxPortInitialiseStack
                0x0000000008008d10       0x68 ./Middlewares/Third_Party/FreeRTOS/Source/portable/GCC/ARM_CM4F/port.o
                0x0000000008008d10                pxPortInitialiseStack
 .text.prvTaskExitError
                0x0000000008008d78       0x58 ./Middlewares/Third_Party/FreeRTOS/Source/portable/GCC/ARM_CM4F/port.o
 .text.SVC_Handler
                0x0000000008008dd0       0x28 ./Middlewares/Third_Party/FreeRTOS/Source/portable/GCC/ARM_CM4F/port.o
                0x0000000008008dd0                SVC_Handler
 .text.prvPortStartFirstTask
                0x0000000008008df8       0x28 ./Middlewares/Third_Party/FreeRTOS/Source/portable/GCC/ARM_CM4F/port.o
 .text.xPortStartScheduler
                0x0000000008008e20      0x144 ./Middlewares/Third_Party/FreeRTOS/Source/portable/GCC/ARM_CM4F/port.o
                0x0000000008008e20                xPortStartScheduler
 .text.vPortEnterCritical
                0x0000000008008f64       0x60 ./Middlewares/Third_Party/FreeRTOS/Source/portable/GCC/ARM_CM4F/port.o
                0x0000000008008f64                vPortEnterCritical
 .text.vPortExitCritical
                0x0000000008008fc4       0x54 ./Middlewares/Third_Party/FreeRTOS/Source/portable/GCC/ARM_CM4F/port.o
                0x0000000008008fc4                vPortExitCritical
 *fill*         0x0000000008009018        0x8 
 .text.PendSV_Handler
                0x0000000008009020       0x68 ./Middlewares/Third_Party/FreeRTOS/Source/portable/GCC/ARM_CM4F/port.o
                0x0000000008009020                PendSV_Handler
 .text.SysTick_Handler
                0x0000000008009088       0x44 ./Middlewares/Third_Party/FreeRTOS/Source/portable/GCC/ARM_CM4F/port.o
                0x0000000008009088                SysTick_Handler
 .text.vPortSetupTimerInterrupt
                0x00000000080090cc       0x48 ./Middlewares/Third_Party/FreeRTOS/Source/portable/GCC/ARM_CM4F/port.o
                0x00000000080090cc                vPortSetupTimerInterrupt
 .text.vPortEnableVFP
                0x0000000008009114       0x14 ./Middlewares/Third_Party/FreeRTOS/Source/portable/GCC/ARM_CM4F/port.o
 .text.pvPortMalloc
                0x0000000008009128      0x198 ./Middlewares/Third_Party/FreeRTOS/Source/portable/MemMang/heap_4.o
                0x0000000008009128                pvPortMalloc
 .text.vPortFree
                0x00000000080092c0       0xc4 ./Middlewares/Third_Party/FreeRTOS/Source/portable/MemMang/heap_4.o
                0x00000000080092c0                vPortFree
 .text.prvHeapInit
                0x0000000008009384       0xc4 ./Middlewares/Third_Party/FreeRTOS/Source/portable/MemMang/heap_4.o
 .text.prvInsertBlockIntoFreeList
                0x0000000008009448       0xb4 ./Middlewares/Third_Party/FreeRTOS/Source/portable/MemMang/heap_4.o
 .text.load_descriptor_values
                0x00000000080094fc      0x2d4 ./nanopb/pb_common.o
 .text.advance_iterator
                0x00000000080097d0       0xc2 ./nanopb/pb_common.o
 .text.pb_field_iter_begin
                0x0000000008009892       0x32 ./nanopb/pb_common.o
                0x0000000008009892                pb_field_iter_begin
 .text.pb_field_iter_begin_extension
                0x00000000080098c4       0x60 ./nanopb/pb_common.o
                0x00000000080098c4                pb_field_iter_begin_extension
 .text.pb_field_iter_next
                0x0000000008009924       0x2a ./nanopb/pb_common.o
                0x0000000008009924                pb_field_iter_next
 .text.pb_field_iter_find
                0x000000000800994e       0xac ./nanopb/pb_common.o
                0x000000000800994e                pb_field_iter_find
 .text.pb_field_iter_find_extension
                0x00000000080099fa       0x66 ./nanopb/pb_common.o
                0x00000000080099fa                pb_field_iter_find_extension
 .text.pb_const_cast
                0x0000000008009a60       0x1a ./nanopb/pb_common.o
 .text.pb_field_iter_begin_const
                0x0000000008009a7a       0x28 ./nanopb/pb_common.o
                0x0000000008009a7a                pb_field_iter_begin_const
 .text.pb_field_iter_begin_extension_const
                0x0000000008009aa2       0x24 ./nanopb/pb_common.o
                0x0000000008009aa2                pb_field_iter_begin_extension_const
 .text.pb_default_field_callback
                0x0000000008009ac6       0x6a ./nanopb/pb_common.o
                0x0000000008009ac6                pb_default_field_callback
 .text.buf_read
                0x0000000008009b30       0x38 ./nanopb/pb_decode.o
 .text.pb_read  0x0000000008009b68       0xec ./nanopb/pb_decode.o
                0x0000000008009b68                pb_read
 .text.pb_readbyte
                0x0000000008009c54       0x78 ./nanopb/pb_decode.o
 .text.pb_istream_from_buffer
                0x0000000008009ccc       0x3c ./nanopb/pb_decode.o
                0x0000000008009ccc                pb_istream_from_buffer
 .text.pb_decode_varint32_eof
                0x0000000008009d08      0x154 ./nanopb/pb_decode.o
 .text.pb_decode_varint32
                0x0000000008009e5c       0x1e ./nanopb/pb_decode.o
                0x0000000008009e5c                pb_decode_varint32
 *fill*         0x0000000008009e7a        0x2 
 .text.pb_decode_varint
                0x0000000008009e7c       0xcc ./nanopb/pb_decode.o
                0x0000000008009e7c                pb_decode_varint
 .text.pb_skip_varint
                0x0000000008009f48       0x38 ./nanopb/pb_decode.o
 .text.pb_skip_string
                0x0000000008009f80       0x3a ./nanopb/pb_decode.o
 .text.pb_decode_tag
                0x0000000008009fba       0x5e ./nanopb/pb_decode.o
                0x0000000008009fba                pb_decode_tag
 .text.pb_skip_field
                0x000000000800a018       0x84 ./nanopb/pb_decode.o
                0x000000000800a018                pb_skip_field
 .text.read_raw_value
                0x000000000800a09c       0xd8 ./nanopb/pb_decode.o
 .text.pb_make_string_substream
                0x000000000800a174       0x74 ./nanopb/pb_decode.o
                0x000000000800a174                pb_make_string_substream
 .text.pb_close_string_substream
                0x000000000800a1e8       0x4a ./nanopb/pb_decode.o
                0x000000000800a1e8                pb_close_string_substream
 *fill*         0x000000000800a232        0x2 
 .text.decode_basic_field
                0x000000000800a234      0x1ec ./nanopb/pb_decode.o
 .text.decode_static_field
                0x000000000800a420      0x280 ./nanopb/pb_decode.o
 .text.decode_pointer_field
                0x000000000800a6a0       0x34 ./nanopb/pb_decode.o
 .text.decode_callback_field
                0x000000000800a6d4      0x114 ./nanopb/pb_decode.o
 .text.decode_field
                0x000000000800a7e8       0x7c ./nanopb/pb_decode.o
 .text.default_extension_decoder
                0x000000000800a864       0x74 ./nanopb/pb_decode.o
 .text.decode_extension
                0x000000000800a8d8       0x78 ./nanopb/pb_decode.o
 .text.pb_field_set_to_default
                0x000000000800a950      0x182 ./nanopb/pb_decode.o
 .text.pb_message_set_to_defaults
                0x000000000800aad2       0xfa ./nanopb/pb_decode.o
 .text.pb_decode_inner
                0x000000000800abcc      0x374 ./nanopb/pb_decode.o
 .text.pb_decode
                0x000000000800af40       0x26 ./nanopb/pb_decode.o
                0x000000000800af40                pb_decode
 .text.pb_decode_bool
                0x000000000800af66       0x40 ./nanopb/pb_decode.o
                0x000000000800af66                pb_decode_bool
 .text.pb_decode_svarint
                0x000000000800afa6       0x86 ./nanopb/pb_decode.o
                0x000000000800afa6                pb_decode_svarint
 .text.pb_decode_fixed32
                0x000000000800b02c       0x38 ./nanopb/pb_decode.o
                0x000000000800b02c                pb_decode_fixed32
 .text.pb_decode_fixed64
                0x000000000800b064       0x3c ./nanopb/pb_decode.o
                0x000000000800b064                pb_decode_fixed64
 .text.pb_dec_bool
                0x000000000800b0a0       0x20 ./nanopb/pb_decode.o
 .text.pb_dec_varint
                0x000000000800b0c0      0x258 ./nanopb/pb_decode.o
 .text.pb_dec_bytes
                0x000000000800b318       0xe8 ./nanopb/pb_decode.o
 .text.pb_dec_string
                0x000000000800b400       0xf8 ./nanopb/pb_decode.o
 .text.pb_dec_submessage
                0x000000000800b4f8      0x114 ./nanopb/pb_decode.o
 .text.pb_dec_fixed_length_bytes
                0x000000000800b60c       0xa8 ./nanopb/pb_decode.o
 .text.buf_write
                0x000000000800b6b4       0x30 ./nanopb/pb_encode.o
 .text.pb_ostream_from_buffer
                0x000000000800b6e4       0x40 ./nanopb/pb_encode.o
                0x000000000800b6e4                pb_ostream_from_buffer
 .text.pb_write
                0x000000000800b724       0xa0 ./nanopb/pb_encode.o
                0x000000000800b724                pb_write
 .text.safe_read_bool
                0x000000000800b7c4       0x3c ./nanopb/pb_encode.o
 .text.encode_array
                0x000000000800b800      0x2a8 ./nanopb/pb_encode.o
 .text.pb_check_proto3_default_value
                0x000000000800baa8      0x23c ./nanopb/pb_encode.o
 .text.encode_basic_field
                0x000000000800bce4       0xe8 ./nanopb/pb_encode.o
 .text.encode_callback_field
                0x000000000800bdcc       0x54 ./nanopb/pb_encode.o
 .text.encode_field
                0x000000000800be20       0xe8 ./nanopb/pb_encode.o
 .text.default_extension_encoder
                0x000000000800bf08       0x54 ./nanopb/pb_encode.o
 .text.encode_extension_field
                0x000000000800bf5c       0x62 ./nanopb/pb_encode.o
 .text.pb_encode
                0x000000000800bfbe       0x88 ./nanopb/pb_encode.o
                0x000000000800bfbe                pb_encode
 .text.pb_encode_varint_32
                0x000000000800c046       0xd4 ./nanopb/pb_encode.o
 .text.pb_encode_varint
                0x000000000800c11a       0x56 ./nanopb/pb_encode.o
                0x000000000800c11a                pb_encode_varint
 .text.pb_encode_svarint
                0x000000000800c170       0x74 ./nanopb/pb_encode.o
                0x000000000800c170                pb_encode_svarint
 .text.pb_encode_fixed32
                0x000000000800c1e4       0x1e ./nanopb/pb_encode.o
                0x000000000800c1e4                pb_encode_fixed32
 .text.pb_encode_fixed64
                0x000000000800c202       0x1e ./nanopb/pb_encode.o
                0x000000000800c202                pb_encode_fixed64
 .text.pb_encode_tag
                0x000000000800c220       0x52 ./nanopb/pb_encode.o
                0x000000000800c220                pb_encode_tag
 *fill*         0x000000000800c272        0x2 
 .text.pb_encode_tag_for_field
                0x000000000800c274       0x9c ./nanopb/pb_encode.o
                0x000000000800c274                pb_encode_tag_for_field
 .text.pb_encode_string
                0x000000000800c310       0x42 ./nanopb/pb_encode.o
                0x000000000800c310                pb_encode_string
 *fill*         0x000000000800c352        0x2 
 .text.pb_encode_submessage
                0x000000000800c354      0x11c ./nanopb/pb_encode.o
                0x000000000800c354                pb_encode_submessage
 .text.pb_enc_bool
                0x000000000800c470       0x34 ./nanopb/pb_encode.o
 .text.pb_enc_varint
                0x000000000800c4a4      0x184 ./nanopb/pb_encode.o
 .text.pb_enc_fixed
                0x000000000800c628       0x5c ./nanopb/pb_encode.o
 .text.pb_enc_bytes
                0x000000000800c684       0x7c ./nanopb/pb_encode.o
 .text.pb_enc_string
                0x000000000800c700       0xbc ./nanopb/pb_encode.o
 .text.pb_enc_submessage
                0x000000000800c7bc       0x8c ./nanopb/pb_encode.o
 .text.pb_enc_fixed_length_bytes
                0x000000000800c848       0x24 ./nanopb/pb_encode.o
 .text.__libc_init_array
                0x000000000800c86c       0x48 /Applications/STM32CubeIDE.app/Contents/Eclipse/plugins/com.st.stm32cube.ide.mcu.externaltools.gnu-tools-for-stm32.10.3-2021.10.macos64_1.0.100.202210260954/tools/bin/../lib/gcc/arm-none-eabi/10.3.1/../../../../arm-none-eabi/lib/thumb/v7e-m+fp/hard/libc_nano.a(lib_a-init.o)
                0x000000000800c86c                __libc_init_array
 .text.__retarget_lock_acquire_recursive
                0x000000000800c8b4        0x2 /Applications/STM32CubeIDE.app/Contents/Eclipse/plugins/com.st.stm32cube.ide.mcu.externaltools.gnu-tools-for-stm32.10.3-2021.10.macos64_1.0.100.202210260954/tools/bin/../lib/gcc/arm-none-eabi/10.3.1/../../../../arm-none-eabi/lib/thumb/v7e-m+fp/hard/libc_nano.a(lib_a-lock.o)
                0x000000000800c8b4                __retarget_lock_acquire_recursive
 .text.__retarget_lock_release_recursive
                0x000000000800c8b6        0x2 /Applications/STM32CubeIDE.app/Contents/Eclipse/plugins/com.st.stm32cube.ide.mcu.externaltools.gnu-tools-for-stm32.10.3-2021.10.macos64_1.0.100.202210260954/tools/bin/../lib/gcc/arm-none-eabi/10.3.1/../../../../arm-none-eabi/lib/thumb/v7e-m+fp/hard/libc_nano.a(lib_a-lock.o)
                0x000000000800c8b6                __retarget_lock_release_recursive
 .text.memcpy   0x000000000800c8b8       0x1c /Applications/STM32CubeIDE.app/Contents/Eclipse/plugins/com.st.stm32cube.ide.mcu.externaltools.gnu-tools-for-stm32.10.3-2021.10.macos64_1.0.100.202210260954/tools/bin/../lib/gcc/arm-none-eabi/10.3.1/../../../../arm-none-eabi/lib/thumb/v7e-m+fp/hard/libc_nano.a(lib_a-memcpy-stub.o)
                0x000000000800c8b8                memcpy
 .text.memset   0x000000000800c8d4       0x10 /Applications/STM32CubeIDE.app/Contents/Eclipse/plugins/com.st.stm32cube.ide.mcu.externaltools.gnu-tools-for-stm32.10.3-2021.10.macos64_1.0.100.202210260954/tools/bin/../lib/gcc/arm-none-eabi/10.3.1/../../../../arm-none-eabi/lib/thumb/v7e-m+fp/hard/libc_nano.a(lib_a-memset.o)
                0x000000000800c8d4                memset
 .text.cleanup_glue
                0x000000000800c8e4       0x1a /Applications/STM32CubeIDE.app/Contents/Eclipse/plugins/com.st.stm32cube.ide.mcu.externaltools.gnu-tools-for-stm32.10.3-2021.10.macos64_1.0.100.202210260954/tools/bin/../lib/gcc/arm-none-eabi/10.3.1/../../../../arm-none-eabi/lib/thumb/v7e-m+fp/hard/libc_nano.a(lib_a-reent.o)
                0x000000000800c8e4                cleanup_glue
 *fill*         0x000000000800c8fe        0x2 
 .text._reclaim_reent
                0x000000000800c900       0xb8 /Applications/STM32CubeIDE.app/Contents/Eclipse/plugins/com.st.stm32cube.ide.mcu.externaltools.gnu-tools-for-stm32.10.3-2021.10.macos64_1.0.100.202210260954/tools/bin/../lib/gcc/arm-none-eabi/10.3.1/../../../../arm-none-eabi/lib/thumb/v7e-m+fp/hard/libc_nano.a(lib_a-reent.o)
                0x000000000800c900                _reclaim_reent
 .text.__malloc_lock
                0x000000000800c9b8        0xc /Applications/STM32CubeIDE.app/Contents/Eclipse/plugins/com.st.stm32cube.ide.mcu.externaltools.gnu-tools-for-stm32.10.3-2021.10.macos64_1.0.100.202210260954/tools/bin/../lib/gcc/arm-none-eabi/10.3.1/../../../../arm-none-eabi/lib/thumb/v7e-m+fp/hard/libc_nano.a(lib_a-mlock.o)
                0x000000000800c9b8                __malloc_lock
 .text.__malloc_unlock
                0x000000000800c9c4        0xc /Applications/STM32CubeIDE.app/Contents/Eclipse/plugins/com.st.stm32cube.ide.mcu.externaltools.gnu-tools-for-stm32.10.3-2021.10.macos64_1.0.100.202210260954/tools/bin/../lib/gcc/arm-none-eabi/10.3.1/../../../../arm-none-eabi/lib/thumb/v7e-m+fp/hard/libc_nano.a(lib_a-mlock.o)
                0x000000000800c9c4                __malloc_unlock
 .text._free_r  0x000000000800c9d0       0x98 /Applications/STM32CubeIDE.app/Contents/Eclipse/plugins/com.st.stm32cube.ide.mcu.externaltools.gnu-tools-for-stm32.10.3-2021.10.macos64_1.0.100.202210260954/tools/bin/../lib/gcc/arm-none-eabi/10.3.1/../../../../arm-none-eabi/lib/thumb/v7e-m+fp/hard/libc_nano.a(lib_a-nano-freer.o)
                0x000000000800c9d0                _free_r
 *(.glue_7)
 .glue_7        0x000000000800ca68        0x0 linker stubs
 *(.glue_7t)
 .glue_7t       0x000000000800ca68        0x0 linker stubs
 *(.eh_frame)
 .eh_frame      0x000000000800ca68        0x0 /Applications/STM32CubeIDE.app/Contents/Eclipse/plugins/com.st.stm32cube.ide.mcu.externaltools.gnu-tools-for-stm32.10.3-2021.10.macos64_1.0.100.202210260954/tools/bin/../lib/gcc/arm-none-eabi/10.3.1/thumb/v7e-m+fp/hard/crtbegin.o
 *(.init)
 .init          0x000000000800ca68        0x4 /Applications/STM32CubeIDE.app/Contents/Eclipse/plugins/com.st.stm32cube.ide.mcu.externaltools.gnu-tools-for-stm32.10.3-2021.10.macos64_1.0.100.202210260954/tools/bin/../lib/gcc/arm-none-eabi/10.3.1/thumb/v7e-m+fp/hard/crti.o
                0x000000000800ca68                _init
 .init          0x000000000800ca6c        0x8 /Applications/STM32CubeIDE.app/Contents/Eclipse/plugins/com.st.stm32cube.ide.mcu.externaltools.gnu-tools-for-stm32.10.3-2021.10.macos64_1.0.100.202210260954/tools/bin/../lib/gcc/arm-none-eabi/10.3.1/thumb/v7e-m+fp/hard/crtn.o
 *(.fini)
 .fini          0x000000000800ca74        0x4 /Applications/STM32CubeIDE.app/Contents/Eclipse/plugins/com.st.stm32cube.ide.mcu.externaltools.gnu-tools-for-stm32.10.3-2021.10.macos64_1.0.100.202210260954/tools/bin/../lib/gcc/arm-none-eabi/10.3.1/thumb/v7e-m+fp/hard/crti.o
                0x000000000800ca74                _fini
 .fini          0x000000000800ca78        0x8 /Applications/STM32CubeIDE.app/Contents/Eclipse/plugins/com.st.stm32cube.ide.mcu.externaltools.gnu-tools-for-stm32.10.3-2021.10.macos64_1.0.100.202210260954/tools/bin/../lib/gcc/arm-none-eabi/10.3.1/thumb/v7e-m+fp/hard/crtn.o
                0x000000000800ca80                . = ALIGN (0x4)
                0x000000000800ca80                _etext = .

.vfp11_veneer   0x000000000800ca80        0x0
 .vfp11_veneer  0x000000000800ca80        0x0 linker stubs

.v4_bx          0x000000000800ca80        0x0
 .v4_bx         0x000000000800ca80        0x0 linker stubs

.iplt           0x000000000800ca80        0x0
 .iplt          0x000000000800ca80        0x0 /Applications/STM32CubeIDE.app/Contents/Eclipse/plugins/com.st.stm32cube.ide.mcu.externaltools.gnu-tools-for-stm32.10.3-2021.10.macos64_1.0.100.202210260954/tools/bin/../lib/gcc/arm-none-eabi/10.3.1/thumb/v7e-m+fp/hard/crtbegin.o

.rodata         0x000000000800ca80      0x47c
                0x000000000800ca80                . = ALIGN (0x4)
 *(.rodata)
 .rodata        0x000000000800ca80       0xa0 ./Core/Src/main.o
 .rodata        0x000000000800cb20        0x5 ./Middlewares/Third_Party/FreeRTOS/Source/tasks.o
 *fill*         0x000000000800cb25        0x3 
 .rodata        0x000000000800cb28      0x1ba ./nanopb/pb_decode.o
 *fill*         0x000000000800cce2        0x2 
 .rodata        0x000000000800cce4      0x105 ./nanopb/pb_encode.o
 *(.rodata*)
 *fill*         0x000000000800cde9        0x3 
 .rodata.ServoUltrasonicData_field_info
                0x000000000800cdec       0x10 ./Core/Src/message.pb.o
                0x000000000800cdec                ServoUltrasonicData_field_info
 .rodata.ServoUltrasonicData_submsg_info
                0x000000000800cdfc        0x4 ./Core/Src/message.pb.o
                0x000000000800cdfc                ServoUltrasonicData_submsg_info
 .rodata.ServoUltrasonicData_msg
                0x000000000800ce00       0x18 ./Core/Src/message.pb.o
                0x000000000800ce00                ServoUltrasonicData_msg
 .rodata.Status_field_info
                0x000000000800ce18       0x10 ./Core/Src/message.pb.o
                0x000000000800ce18                Status_field_info
 .rodata.Status_submsg_info
                0x000000000800ce28        0x4 ./Core/Src/message.pb.o
                0x000000000800ce28                Status_submsg_info
 .rodata.Status_msg
                0x000000000800ce2c       0x18 ./Core/Src/message.pb.o
                0x000000000800ce2c                Status_msg
 .rodata.CombinedData_field_info
                0x000000000800ce44       0x14 ./Core/Src/message.pb.o
                0x000000000800ce44                CombinedData_field_info
 .rodata.CombinedData_submsg_info
                0x000000000800ce58        0xc ./Core/Src/message.pb.o
                0x000000000800ce58                CombinedData_submsg_info
 .rodata.CombinedData_msg
                0x000000000800ce64       0x18 ./Core/Src/message.pb.o
                0x000000000800ce64                CombinedData_msg
 .rodata.AHBPrescTable
                0x000000000800ce7c       0x10 ./Core/Src/system_stm32f4xx.o
                0x000000000800ce7c                AHBPrescTable
 .rodata.APBPrescTable
                0x000000000800ce8c        0x8 ./Core/Src/system_stm32f4xx.o
                0x000000000800ce8c                APBPrescTable
 .rodata.flagBitshiftOffset.0
                0x000000000800ce94        0x8 ./Drivers/STM32F4xx_HAL_Driver/Src/stm32f4xx_hal_dma.o
 .rodata.__sf_fake_stderr
                0x000000000800ce9c       0x20 /Applications/STM32CubeIDE.app/Contents/Eclipse/plugins/com.st.stm32cube.ide.mcu.externaltools.gnu-tools-for-stm32.10.3-2021.10.macos64_1.0.100.202210260954/tools/bin/../lib/gcc/arm-none-eabi/10.3.1/../../../../arm-none-eabi/lib/thumb/v7e-m+fp/hard/libc_nano.a(lib_a-findfp.o)
                0x000000000800ce9c                __sf_fake_stderr
 .rodata.__sf_fake_stdin
                0x000000000800cebc       0x20 /Applications/STM32CubeIDE.app/Contents/Eclipse/plugins/com.st.stm32cube.ide.mcu.externaltools.gnu-tools-for-stm32.10.3-2021.10.macos64_1.0.100.202210260954/tools/bin/../lib/gcc/arm-none-eabi/10.3.1/../../../../arm-none-eabi/lib/thumb/v7e-m+fp/hard/libc_nano.a(lib_a-findfp.o)
                0x000000000800cebc                __sf_fake_stdin
 .rodata.__sf_fake_stdout
                0x000000000800cedc       0x20 /Applications/STM32CubeIDE.app/Contents/Eclipse/plugins/com.st.stm32cube.ide.mcu.externaltools.gnu-tools-for-stm32.10.3-2021.10.macos64_1.0.100.202210260954/tools/bin/../lib/gcc/arm-none-eabi/10.3.1/../../../../arm-none-eabi/lib/thumb/v7e-m+fp/hard/libc_nano.a(lib_a-findfp.o)
                0x000000000800cedc                __sf_fake_stdout
                0x000000000800cefc                . = ALIGN (0x4)

.ARM.extab      0x000000000800cefc        0x0
                0x000000000800cefc                . = ALIGN (0x4)
 *(.ARM.extab* .gnu.linkonce.armextab.*)
                0x000000000800cefc                . = ALIGN (0x4)

.ARM            0x000000000800cefc        0x8
                0x000000000800cefc                . = ALIGN (0x4)
                0x000000000800cefc                __exidx_start = .
 *(.ARM.exidx*)
 .ARM.exidx     0x000000000800cefc        0x8 /Applications/STM32CubeIDE.app/Contents/Eclipse/plugins/com.st.stm32cube.ide.mcu.externaltools.gnu-tools-for-stm32.10.3-2021.10.macos64_1.0.100.202210260954/tools/bin/../lib/gcc/arm-none-eabi/10.3.1/thumb/v7e-m+fp/hard/libgcc.a(_udivmoddi4.o)
                0x000000000800cf04                __exidx_end = .
                0x000000000800cf04                . = ALIGN (0x4)

.rel.dyn        0x000000000800cf04        0x0
 .rel.iplt      0x000000000800cf04        0x0 /Applications/STM32CubeIDE.app/Contents/Eclipse/plugins/com.st.stm32cube.ide.mcu.externaltools.gnu-tools-for-stm32.10.3-2021.10.macos64_1.0.100.202210260954/tools/bin/../lib/gcc/arm-none-eabi/10.3.1/thumb/v7e-m+fp/hard/crtbegin.o

.preinit_array  0x000000000800cf04        0x0
                0x000000000800cf04                . = ALIGN (0x4)
                0x000000000800cf04                PROVIDE (__preinit_array_start = .)
 *(.preinit_array*)
                0x000000000800cf04                PROVIDE (__preinit_array_end = .)
                0x000000000800cf04                . = ALIGN (0x4)

.init_array     0x000000000800cf04        0x4
                0x000000000800cf04                . = ALIGN (0x4)
                0x000000000800cf04                PROVIDE (__init_array_start = .)
 *(SORT_BY_NAME(.init_array.*))
 *(.init_array*)
 .init_array    0x000000000800cf04        0x4 /Applications/STM32CubeIDE.app/Contents/Eclipse/plugins/com.st.stm32cube.ide.mcu.externaltools.gnu-tools-for-stm32.10.3-2021.10.macos64_1.0.100.202210260954/tools/bin/../lib/gcc/arm-none-eabi/10.3.1/thumb/v7e-m+fp/hard/crtbegin.o
                0x000000000800cf08                PROVIDE (__init_array_end = .)
                0x000000000800cf08                . = ALIGN (0x4)

.fini_array     0x000000000800cf08        0x4
                0x000000000800cf08                . = ALIGN (0x4)
                [!provide]                        PROVIDE (__fini_array_start = .)
 *(SORT_BY_NAME(.fini_array.*))
 *(.fini_array*)
 .fini_array    0x000000000800cf08        0x4 /Applications/STM32CubeIDE.app/Contents/Eclipse/plugins/com.st.stm32cube.ide.mcu.externaltools.gnu-tools-for-stm32.10.3-2021.10.macos64_1.0.100.202210260954/tools/bin/../lib/gcc/arm-none-eabi/10.3.1/thumb/v7e-m+fp/hard/crtbegin.o
                [!provide]                        PROVIDE (__fini_array_end = .)
                0x000000000800cf0c                . = ALIGN (0x4)
                0x000000000800cf0c                _sidata = LOADADDR (.data)

.data           0x0000000020000000       0x9c load address 0x000000000800cf0c
                0x0000000020000000                . = ALIGN (0x4)
                0x0000000020000000                _sdata = .
 *(.data)
 *(.data*)
 .data.pulseX   0x0000000020000000        0x2 ./Core/Src/main.o
                0x0000000020000000                pulseX
 *fill*         0x0000000020000002        0x2 
 .data.fullRxBuffer
                0x0000000020000004       0x20 ./Core/Src/main.o
                0x0000000020000004                fullRxBuffer
 .data.Distance
                0x0000000020000024        0x1 ./Core/Src/main.o
                0x0000000020000024                Distance
 *fill*         0x0000000020000025        0x3 
 .data.SystemCoreClock
                0x0000000020000028        0x4 ./Core/Src/system_stm32f4xx.o
                0x0000000020000028                SystemCoreClock
 .data.uwTickPrio
                0x000000002000002c        0x4 ./Drivers/STM32F4xx_HAL_Driver/Src/stm32f4xx_hal.o
                0x000000002000002c                uwTickPrio
 .data.uwTickFreq
                0x0000000020000030        0x1 ./Drivers/STM32F4xx_HAL_Driver/Src/stm32f4xx_hal.o
                0x0000000020000030                uwTickFreq
 *fill*         0x0000000020000031        0x3 
 .data.uxCriticalNesting
                0x0000000020000034        0x4 ./Middlewares/Third_Party/FreeRTOS/Source/portable/GCC/ARM_CM4F/port.o
 .data._impure_ptr
                0x0000000020000038        0x4 /Applications/STM32CubeIDE.app/Contents/Eclipse/plugins/com.st.stm32cube.ide.mcu.externaltools.gnu-tools-for-stm32.10.3-2021.10.macos64_1.0.100.202210260954/tools/bin/../lib/gcc/arm-none-eabi/10.3.1/../../../../arm-none-eabi/lib/thumb/v7e-m+fp/hard/libc_nano.a(lib_a-impure.o)
                0x0000000020000038                _impure_ptr
 .data.impure_data
                0x000000002000003c       0x60 /Applications/STM32CubeIDE.app/Contents/Eclipse/plugins/com.st.stm32cube.ide.mcu.externaltools.gnu-tools-for-stm32.10.3-2021.10.macos64_1.0.100.202210260954/tools/bin/../lib/gcc/arm-none-eabi/10.3.1/../../../../arm-none-eabi/lib/thumb/v7e-m+fp/hard/libc_nano.a(lib_a-impure.o)
 *(.RamFunc)
 *(.RamFunc*)
                0x000000002000009c                . = ALIGN (0x4)
                0x000000002000009c                _edata = .

.igot.plt       0x000000002000009c        0x0 load address 0x000000000800cfa8
 .igot.plt      0x000000002000009c        0x0 /Applications/STM32CubeIDE.app/Contents/Eclipse/plugins/com.st.stm32cube.ide.mcu.externaltools.gnu-tools-for-stm32.10.3-2021.10.macos64_1.0.100.202210260954/tools/bin/../lib/gcc/arm-none-eabi/10.3.1/thumb/v7e-m+fp/hard/crtbegin.o
                0x000000002000009c                . = ALIGN (0x4)

.bss            0x000000002000009c     0x43e8 load address 0x000000000800cfa8
                0x000000002000009c                _sbss = .
                0x000000002000009c                __bss_start__ = _sbss
 *(.bss)
 .bss           0x000000002000009c       0x1c /Applications/STM32CubeIDE.app/Contents/Eclipse/plugins/com.st.stm32cube.ide.mcu.externaltools.gnu-tools-for-stm32.10.3-2021.10.macos64_1.0.100.202210260954/tools/bin/../lib/gcc/arm-none-eabi/10.3.1/thumb/v7e-m+fp/hard/crtbegin.o
 *(.bss*)
 .bss.xIdleTaskTCBBuffer
                0x00000000200000b8       0xb4 ./Core/Src/freertos.o
 .bss.xIdleStack
                0x000000002000016c      0x200 ./Core/Src/freertos.o
 .bss.hadc1     0x000000002000036c       0x48 ./Core/Src/main.o
                0x000000002000036c                hadc1
 .bss.hadc2     0x00000000200003b4       0x48 ./Core/Src/main.o
                0x00000000200003b4                hadc2
 .bss.hdma_adc1
                0x00000000200003fc       0x60 ./Core/Src/main.o
                0x00000000200003fc                hdma_adc1
 .bss.hdma_adc2
                0x000000002000045c       0x60 ./Core/Src/main.o
                0x000000002000045c                hdma_adc2
 .bss.hcan1     0x00000000200004bc       0x28 ./Core/Src/main.o
                0x00000000200004bc                hcan1
 .bss.htim1     0x00000000200004e4       0x48 ./Core/Src/main.o
                0x00000000200004e4                htim1
 .bss.htim3     0x000000002000052c       0x48 ./Core/Src/main.o
                0x000000002000052c                htim3
 .bss.htim4     0x0000000020000574       0x48 ./Core/Src/main.o
                0x0000000020000574                htim4
 .bss.huart2    0x00000000200005bc       0x44 ./Core/Src/main.o
                0x00000000200005bc                huart2
 .bss.CommandProcessHandle
                0x0000000020000600        0x4 ./Core/Src/main.o
                0x0000000020000600                CommandProcessHandle
 .bss.RetValJCT
                0x0000000020000604        0x4 ./Core/Src/main.o
                0x0000000020000604                RetValJCT
 .bss.Task2Handle
                0x0000000020000608        0x4 ./Core/Src/main.o
                0x0000000020000608                Task2Handle
 .bss.RetValUST
                0x000000002000060c        0x4 ./Core/Src/main.o
                0x000000002000060c                RetValUST
 .bss.Task3Handle
                0x0000000020000610        0x4 ./Core/Src/main.o
                0x0000000020000610                Task3Handle
 .bss.RetValLCT
                0x0000000020000614        0x4 ./Core/Src/main.o
                0x0000000020000614                RetValLCT
 .bss.Task4Handle
                0x0000000020000618        0x4 ./Core/Src/main.o
                0x0000000020000618                Task4Handle
 .bss.RetValSMT
                0x000000002000061c        0x4 ./Core/Src/main.o
                0x000000002000061c                RetValSMT
 .bss.Task5Handle
                0x0000000020000620        0x4 ./Core/Src/main.o
                0x0000000020000620                Task5Handle
 .bss.RetValCAN
                0x0000000020000624        0x4 ./Core/Src/main.o
                0x0000000020000624                RetValCAN
 .bss.TaskCANHandle
                0x0000000020000628        0x4 ./Core/Src/main.o
                0x0000000020000628                TaskCANHandle
 .bss.RetValCANSTATUS
                0x000000002000062c        0x4 ./Core/Src/main.o
                0x000000002000062c                RetValCANSTATUS
 .bss.TaskCanStatusHandle
                0x0000000020000630        0x4 ./Core/Src/main.o
                0x0000000020000630                TaskCanStatusHandle
 .bss.xLaserSemaphore
                0x0000000020000634        0x4 ./Core/Src/main.o
                0x0000000020000634                xLaserSemaphore
 .bss.xManualModeSemaphore
                0x0000000020000638        0x4 ./Core/Src/main.o
                0x0000000020000638                xManualModeSemaphore
 .bss.xScanModeSemaphore
                0x000000002000063c        0x4 ./Core/Src/main.o
                0x000000002000063c                xScanModeSemaphore
 .bss.xCanTransmitSemaphore
                0x0000000020000640        0x4 ./Core/Src/main.o
                0x0000000020000640                xCanTransmitSemaphore
 .bss.TxHeader  0x0000000020000644       0x18 ./Core/Src/main.o
                0x0000000020000644                TxHeader
 .bss.RxHeader  0x000000002000065c       0x1c ./Core/Src/main.o
                0x000000002000065c                RxHeader
 .bss.RxData    0x0000000020000678        0x8 ./Core/Src/main.o
                0x0000000020000678                RxData
 .bss.TxMailbox
                0x0000000020000680        0xc ./Core/Src/main.o
                0x0000000020000680                TxMailbox
 .bss.lock_motors
                0x000000002000068c        0x1 ./Core/Src/main.o
                0x000000002000068c                lock_motors
 .bss.fire_laser
                0x000000002000068d        0x1 ./Core/Src/main.o
                0x000000002000068d                fire_laser
 .bss.motor_mode
                0x000000002000068e        0x1 ./Core/Src/main.o
                0x000000002000068e                motor_mode
 *fill*         0x000000002000068f        0x1 
 .bss.IC_Val1   0x0000000020000690        0x4 ./Core/Src/main.o
                0x0000000020000690                IC_Val1
 .bss.IC_Val2   0x0000000020000694        0x4 ./Core/Src/main.o
                0x0000000020000694                IC_Val2
 .bss.Difference
                0x0000000020000698        0x4 ./Core/Src/main.o
                0x0000000020000698                Difference
 .bss.Is_First_Captured
                0x000000002000069c        0x1 ./Core/Src/main.o
                0x000000002000069c                Is_First_Captured
 *fill*         0x000000002000069d        0x3 
 .bss.received_combined
                0x00000000200006a0       0x14 ./Core/Src/main.o
                0x00000000200006a0                received_combined
 .bss.feedback_combined
                0x00000000200006b4       0x14 ./Core/Src/main.o
                0x00000000200006b4                feedback_combined
 .bss.feedback_data
                0x00000000200006c8        0xc ./Core/Src/main.o
                0x00000000200006c8                feedback_data
 .bss.totalBytesReceived
                0x00000000200006d4        0x1 ./Core/Src/main.o
                0x00000000200006d4                totalBytesReceived
 *fill*         0x00000000200006d5        0x3 
 .bss.expectedMessageSize
                0x00000000200006d8        0x4 ./Core/Src/main.o
                0x00000000200006d8                expectedMessageSize
 .bss.htim2     0x00000000200006dc       0x48 ./Core/Src/stm32f4xx_hal_timebase_tim.o
                0x00000000200006dc                htim2
 .bss.uwTick    0x0000000020000724        0x4 ./Drivers/STM32F4xx_HAL_Driver/Src/stm32f4xx_hal.o
                0x0000000020000724                uwTick
 .bss.pxCurrentTCB
                0x0000000020000728        0x4 ./Middlewares/Third_Party/FreeRTOS/Source/tasks.o
                0x0000000020000728                pxCurrentTCB
 .bss.pxReadyTasksLists
                0x000000002000072c       0x8c ./Middlewares/Third_Party/FreeRTOS/Source/tasks.o
 .bss.xDelayedTaskList1
                0x00000000200007b8       0x14 ./Middlewares/Third_Party/FreeRTOS/Source/tasks.o
 .bss.xDelayedTaskList2
                0x00000000200007cc       0x14 ./Middlewares/Third_Party/FreeRTOS/Source/tasks.o
 .bss.pxDelayedTaskList
                0x00000000200007e0        0x4 ./Middlewares/Third_Party/FreeRTOS/Source/tasks.o
 .bss.pxOverflowDelayedTaskList
                0x00000000200007e4        0x4 ./Middlewares/Third_Party/FreeRTOS/Source/tasks.o
 .bss.xPendingReadyList
                0x00000000200007e8       0x14 ./Middlewares/Third_Party/FreeRTOS/Source/tasks.o
 .bss.xTasksWaitingTermination
                0x00000000200007fc       0x14 ./Middlewares/Third_Party/FreeRTOS/Source/tasks.o
 .bss.uxDeletedTasksWaitingCleanUp
                0x0000000020000810        0x4 ./Middlewares/Third_Party/FreeRTOS/Source/tasks.o
 .bss.xSuspendedTaskList
                0x0000000020000814       0x14 ./Middlewares/Third_Party/FreeRTOS/Source/tasks.o
 .bss.uxCurrentNumberOfTasks
                0x0000000020000828        0x4 ./Middlewares/Third_Party/FreeRTOS/Source/tasks.o
 .bss.xTickCount
                0x000000002000082c        0x4 ./Middlewares/Third_Party/FreeRTOS/Source/tasks.o
 .bss.uxTopReadyPriority
                0x0000000020000830        0x4 ./Middlewares/Third_Party/FreeRTOS/Source/tasks.o
 .bss.xSchedulerRunning
                0x0000000020000834        0x4 ./Middlewares/Third_Party/FreeRTOS/Source/tasks.o
 .bss.xPendedTicks
                0x0000000020000838        0x4 ./Middlewares/Third_Party/FreeRTOS/Source/tasks.o
 .bss.xYieldPending
                0x000000002000083c        0x4 ./Middlewares/Third_Party/FreeRTOS/Source/tasks.o
 .bss.xNumOfOverflows
                0x0000000020000840        0x4 ./Middlewares/Third_Party/FreeRTOS/Source/tasks.o
 .bss.uxTaskNumber
                0x0000000020000844        0x4 ./Middlewares/Third_Party/FreeRTOS/Source/tasks.o
 .bss.xNextTaskUnblockTime
                0x0000000020000848        0x4 ./Middlewares/Third_Party/FreeRTOS/Source/tasks.o
 .bss.xIdleTaskHandle
                0x000000002000084c        0x4 ./Middlewares/Third_Party/FreeRTOS/Source/tasks.o
 .bss.uxSchedulerSuspended
                0x0000000020000850        0x4 ./Middlewares/Third_Party/FreeRTOS/Source/tasks.o
 .bss.ucMaxSysCallPriority
                0x0000000020000854        0x1 ./Middlewares/Third_Party/FreeRTOS/Source/portable/GCC/ARM_CM4F/port.o
 *fill*         0x0000000020000855        0x3 
 .bss.ulMaxPRIGROUPValue
                0x0000000020000858        0x4 ./Middlewares/Third_Party/FreeRTOS/Source/portable/GCC/ARM_CM4F/port.o
 .bss.ucHeap    0x000000002000085c     0x3c00 ./Middlewares/Third_Party/FreeRTOS/Source/portable/MemMang/heap_4.o
 .bss.xStart    0x000000002000445c        0x8 ./Middlewares/Third_Party/FreeRTOS/Source/portable/MemMang/heap_4.o
 .bss.pxEnd     0x0000000020004464        0x4 ./Middlewares/Third_Party/FreeRTOS/Source/portable/MemMang/heap_4.o
 .bss.xFreeBytesRemaining
                0x0000000020004468        0x4 ./Middlewares/Third_Party/FreeRTOS/Source/portable/MemMang/heap_4.o
 .bss.xMinimumEverFreeBytesRemaining
                0x000000002000446c        0x4 ./Middlewares/Third_Party/FreeRTOS/Source/portable/MemMang/heap_4.o
 .bss.xNumberOfSuccessfulAllocations
                0x0000000020004470        0x4 ./Middlewares/Third_Party/FreeRTOS/Source/portable/MemMang/heap_4.o
 .bss.xNumberOfSuccessfulFrees
                0x0000000020004474        0x4 ./Middlewares/Third_Party/FreeRTOS/Source/portable/MemMang/heap_4.o
 .bss.xBlockAllocatedBit
                0x0000000020004478        0x4 ./Middlewares/Third_Party/FreeRTOS/Source/portable/MemMang/heap_4.o
 .bss.__lock___malloc_recursive_mutex
                0x000000002000447c        0x1 /Applications/STM32CubeIDE.app/Contents/Eclipse/plugins/com.st.stm32cube.ide.mcu.externaltools.gnu-tools-for-stm32.10.3-2021.10.macos64_1.0.100.202210260954/tools/bin/../lib/gcc/arm-none-eabi/10.3.1/../../../../arm-none-eabi/lib/thumb/v7e-m+fp/hard/libc_nano.a(lib_a-lock.o)
                0x000000002000447c                __lock___malloc_recursive_mutex
 *fill*         0x000000002000447d        0x3 
 .bss.__malloc_free_list
                0x0000000020004480        0x4 /Applications/STM32CubeIDE.app/Contents/Eclipse/plugins/com.st.stm32cube.ide.mcu.externaltools.gnu-tools-for-stm32.10.3-2021.10.macos64_1.0.100.202210260954/tools/bin/../lib/gcc/arm-none-eabi/10.3.1/../../../../arm-none-eabi/lib/thumb/v7e-m+fp/hard/libc_nano.a(lib_a-nano-mallocr.o)
                0x0000000020004480                __malloc_free_list
 *(COMMON)
                0x0000000020004484                . = ALIGN (0x4)
                0x0000000020004484                _ebss = .
                0x0000000020004484                __bss_end__ = _ebss

._user_heap_stack
                0x0000000020004484      0x604 load address 0x000000000800cfa8
                0x0000000020004488                . = ALIGN (0x8)
 *fill*         0x0000000020004484        0x4 
                [!provide]                        PROVIDE (end = .)
                0x0000000020004488                PROVIDE (_end = .)
                0x0000000020004688                . = (. + _Min_Heap_Size)
 *fill*         0x0000000020004488      0x200 
                0x0000000020004a88                . = (. + _Min_Stack_Size)
 *fill*         0x0000000020004688      0x400 
                0x0000000020004a88                . = ALIGN (0x8)

/DISCARD/
 libc.a(*)
 libm.a(*)
 libgcc.a(*)

.ARM.attributes
                0x0000000000000000       0x30
 *(.ARM.attributes)
 .ARM.attributes
                0x0000000000000000       0x1e /Applications/STM32CubeIDE.app/Contents/Eclipse/plugins/com.st.stm32cube.ide.mcu.externaltools.gnu-tools-for-stm32.10.3-2021.10.macos64_1.0.100.202210260954/tools/bin/../lib/gcc/arm-none-eabi/10.3.1/thumb/v7e-m+fp/hard/crti.o
 .ARM.attributes
                0x000000000000001e       0x34 /Applications/STM32CubeIDE.app/Contents/Eclipse/plugins/com.st.stm32cube.ide.mcu.externaltools.gnu-tools-for-stm32.10.3-2021.10.macos64_1.0.100.202210260954/tools/bin/../lib/gcc/arm-none-eabi/10.3.1/thumb/v7e-m+fp/hard/crtbegin.o
 .ARM.attributes
                0x0000000000000052       0x34 ./Core/Src/freertos.o
 .ARM.attributes
                0x0000000000000086       0x34 ./Core/Src/main.o
 .ARM.attributes
                0x00000000000000ba       0x34 ./Core/Src/message.pb.o
 .ARM.attributes
                0x00000000000000ee       0x34 ./Core/Src/stm32f4xx_hal_msp.o
 .ARM.attributes
                0x0000000000000122       0x34 ./Core/Src/stm32f4xx_hal_timebase_tim.o
 .ARM.attributes
                0x0000000000000156       0x34 ./Core/Src/stm32f4xx_it.o
 .ARM.attributes
                0x000000000000018a       0x34 ./Core/Src/system_stm32f4xx.o
 .ARM.attributes
                0x00000000000001be       0x21 ./Core/Startup/startup_stm32f446retx.o
 .ARM.attributes
                0x00000000000001df       0x34 ./Drivers/STM32F4xx_HAL_Driver/Src/stm32f4xx_hal.o
 .ARM.attributes
                0x0000000000000213       0x34 ./Drivers/STM32F4xx_HAL_Driver/Src/stm32f4xx_hal_adc.o
 .ARM.attributes
                0x0000000000000247       0x34 ./Drivers/STM32F4xx_HAL_Driver/Src/stm32f4xx_hal_can.o
 .ARM.attributes
                0x000000000000027b       0x34 ./Drivers/STM32F4xx_HAL_Driver/Src/stm32f4xx_hal_cortex.o
 .ARM.attributes
                0x00000000000002af       0x34 ./Drivers/STM32F4xx_HAL_Driver/Src/stm32f4xx_hal_dma.o
 .ARM.attributes
                0x00000000000002e3       0x34 ./Drivers/STM32F4xx_HAL_Driver/Src/stm32f4xx_hal_gpio.o
 .ARM.attributes
                0x0000000000000317       0x34 ./Drivers/STM32F4xx_HAL_Driver/Src/stm32f4xx_hal_pwr_ex.o
 .ARM.attributes
                0x000000000000034b       0x34 ./Drivers/STM32F4xx_HAL_Driver/Src/stm32f4xx_hal_rcc.o
 .ARM.attributes
                0x000000000000037f       0x34 ./Drivers/STM32F4xx_HAL_Driver/Src/stm32f4xx_hal_rcc_ex.o
 .ARM.attributes
                0x00000000000003b3       0x34 ./Drivers/STM32F4xx_HAL_Driver/Src/stm32f4xx_hal_tim.o
 .ARM.attributes
                0x00000000000003e7       0x34 ./Drivers/STM32F4xx_HAL_Driver/Src/stm32f4xx_hal_tim_ex.o
 .ARM.attributes
                0x000000000000041b       0x34 ./Drivers/STM32F4xx_HAL_Driver/Src/stm32f4xx_hal_uart.o
 .ARM.attributes
                0x000000000000044f       0x34 ./Middlewares/Third_Party/FreeRTOS/Source/CMSIS_RTOS/cmsis_os.o
 .ARM.attributes
                0x0000000000000483       0x34 ./Middlewares/Third_Party/FreeRTOS/Source/list.o
 .ARM.attributes
                0x00000000000004b7       0x34 ./Middlewares/Third_Party/FreeRTOS/Source/queue.o
 .ARM.attributes
                0x00000000000004eb       0x34 ./Middlewares/Third_Party/FreeRTOS/Source/tasks.o
 .ARM.attributes
                0x000000000000051f       0x34 ./Middlewares/Third_Party/FreeRTOS/Source/portable/GCC/ARM_CM4F/port.o
 .ARM.attributes
                0x0000000000000553       0x34 ./Middlewares/Third_Party/FreeRTOS/Source/portable/MemMang/heap_4.o
 .ARM.attributes
                0x0000000000000587       0x34 ./nanopb/pb_common.o
 .ARM.attributes
                0x00000000000005bb       0x34 ./nanopb/pb_decode.o
 .ARM.attributes
                0x00000000000005ef       0x34 ./nanopb/pb_encode.o
 .ARM.attributes
                0x0000000000000623       0x34 /Applications/STM32CubeIDE.app/Contents/Eclipse/plugins/com.st.stm32cube.ide.mcu.externaltools.gnu-tools-for-stm32.10.3-2021.10.macos64_1.0.100.202210260954/tools/bin/../lib/gcc/arm-none-eabi/10.3.1/../../../../arm-none-eabi/lib/thumb/v7e-m+fp/hard/libc_nano.a(lib_a-findfp.o)
 .ARM.attributes
                0x0000000000000657       0x34 /Applications/STM32CubeIDE.app/Contents/Eclipse/plugins/com.st.stm32cube.ide.mcu.externaltools.gnu-tools-for-stm32.10.3-2021.10.macos64_1.0.100.202210260954/tools/bin/../lib/gcc/arm-none-eabi/10.3.1/../../../../arm-none-eabi/lib/thumb/v7e-m+fp/hard/libc_nano.a(lib_a-impure.o)
 .ARM.attributes
                0x000000000000068b       0x34 /Applications/STM32CubeIDE.app/Contents/Eclipse/plugins/com.st.stm32cube.ide.mcu.externaltools.gnu-tools-for-stm32.10.3-2021.10.macos64_1.0.100.202210260954/tools/bin/../lib/gcc/arm-none-eabi/10.3.1/../../../../arm-none-eabi/lib/thumb/v7e-m+fp/hard/libc_nano.a(lib_a-init.o)
 .ARM.attributes
                0x00000000000006bf       0x34 /Applications/STM32CubeIDE.app/Contents/Eclipse/plugins/com.st.stm32cube.ide.mcu.externaltools.gnu-tools-for-stm32.10.3-2021.10.macos64_1.0.100.202210260954/tools/bin/../lib/gcc/arm-none-eabi/10.3.1/../../../../arm-none-eabi/lib/thumb/v7e-m+fp/hard/libc_nano.a(lib_a-lock.o)
 .ARM.attributes
                0x00000000000006f3       0x34 /Applications/STM32CubeIDE.app/Contents/Eclipse/plugins/com.st.stm32cube.ide.mcu.externaltools.gnu-tools-for-stm32.10.3-2021.10.macos64_1.0.100.202210260954/tools/bin/../lib/gcc/arm-none-eabi/10.3.1/../../../../arm-none-eabi/lib/thumb/v7e-m+fp/hard/libc_nano.a(lib_a-memcpy-stub.o)
 .ARM.attributes
                0x0000000000000727       0x34 /Applications/STM32CubeIDE.app/Contents/Eclipse/plugins/com.st.stm32cube.ide.mcu.externaltools.gnu-tools-for-stm32.10.3-2021.10.macos64_1.0.100.202210260954/tools/bin/../lib/gcc/arm-none-eabi/10.3.1/../../../../arm-none-eabi/lib/thumb/v7e-m+fp/hard/libc_nano.a(lib_a-memset.o)
 .ARM.attributes