../Drivers/CMSIS/Include/core_cm7.h:2464:22:SCB_InvalidateDCache_by_Addr	32	static,ignoring_inline_asm
../LWIP/Target/ethernetif.c:158:6:HAL_ETH_RxCpltCallback	16	static
../LWIP/Target/ethernetif.c:167:6:HAL_ETH_TxCpltCallback	16	static
../LWIP/Target/ethernetif.c:176:6:HAL_ETH_ErrorCallback	16	static
../LWIP/Target/ethernetif.c:198:13:low_level_init	176	static
../LWIP/Target/ethernetif.c:360:14:low_level_output	80	static
../LWIP/Target/ethernetif.c:415:22:low_level_input	24	static
../LWIP/Target/ethernetif.c:436:13:ethernetif_input	24	static
../LWIP/Target/ethernetif.c:493:7:ethernetif_init	16	static
../LWIP/Target/ethernetif.c:544:6:pbuf_free_custom	24	static
../LWIP/Target/ethernetif.c:567:7:sys_now	8	static
../LWIP/Target/ethernetif.c:580:6:HAL_ETH_MspInit	64	static
../LWIP/Target/ethernetif.c:643:6:HAL_ETH_MspDeInit	16	static
../LWIP/Target/ethernetif.c:689:9:ETH_PHY_IO_Init	8	static
../LWIP/Target/ethernetif.c:706:9:ETH_PHY_IO_DeInit	4	static
../LWIP/Target/ethernetif.c:718:9:ETH_PHY_IO_ReadReg	24	static
../LWIP/Target/ethernetif.c:735:9:ETH_PHY_IO_WriteReg	24	static
../LWIP/Target/ethernetif.c:749:9:ETH_PHY_IO_GetTick	8	static
../LWIP/Target/ethernetif.c:759:6:ethernet_link_thread	136	static
../LWIP/Target/ethernetif.c:829:6:HAL_ETH_RxAllocateCallback	32	static
../LWIP/Target/ethernetif.c:851:6:HAL_ETH_RxLinkCallback	40	static
../LWIP/Target/ethernetif.c:891:6:HAL_ETH_TxFreeCallback	16	static
