../Core/Src/main.c:160:6:HAL_TIM_IC_CaptureCallback	16	static
../Core/Src/main.c:198:6:HAL_CAN_RxFifo0MsgPendingCallback	40	static
../Core/Src/main.c:233:6:SendCANMessage	56	static
../Core/Src/main.c:275:5:main	56	static
../Core/Src/main.c:393:6:SystemClock_Config	88	static
../Core/Src/main.c:447:13:MX_ADC1_Init	24	static
../Core/Src/main.c:499:13:MX_ADC2_Init	24	static
../Core/Src/main.c:551:13:MX_CAN1_Init	48	static
../Core/Src/main.c:603:13:MX_TIM1_Init	32	static
../Core/Src/main.c:652:13:MX_TIM3_Init	64	static
../Core/Src/main.c:711:13:MX_TIM4_Init	64	static
../Core/Src/main.c:770:13:MX_USART2_UART_Init	8	static
../Core/Src/main.c:801:13:MX_DMA_Init	16	static
../Core/Src/main.c:822:13:MX_GPIO_Init	48	static
../Core/Src/main.c:879:6:JoystickControlTask	24	static
../Core/Src/main.c:913:6:UltrasonicSensorTask	16	static
../Core/Src/main.c:935:6:LaserControlTask	16	static
../Core/Src/main.c:951:6:ScanningModeTask	24	static
../Core/Src/main.c:989:6:CANCommunicationTask	80	static
../Core/Src/main.c:1017:6:CANStatusCommTask	80	static
../Core/Src/main.c:1060:6:CommandProcessorTask	24	static
../Core/Src/main.c:1123:6:HAL_TIM_PeriodElapsedCallback	16	static
../Core/Src/main.c:1140:6:Error_Handler	4	static,ignoring_inline_asm
